Archive member included to satisfy reference by file (symbol)

/usr/lib/gcc/arm-none-eabi/10.3.1/thumb/v6-m/nofp/libgcc.a(_dvmd_tls.o)
                              CMakeFiles/mqtt_client.dir/home/hbo/Dokumente/projektarbeit/pico_dateien/pico-sdk/src/rp2_common/pico_divider/divider.S.obj (__aeabi_idiv0)
/usr/lib/gcc/arm-none-eabi/10.3.1/../../../arm-none-eabi/lib/thumb/v6-m/nofp/libg.a(lib_a-atexit.o)
                              /usr/lib/gcc/arm-none-eabi/10.3.1/../../../arm-none-eabi/lib/thumb/v6-m/nofp/crt0.o (atexit)
/usr/lib/gcc/arm-none-eabi/10.3.1/../../../arm-none-eabi/lib/thumb/v6-m/nofp/libg.a(lib_a-atoi.o)
                              CMakeFiles/mqtt_client.dir/home/hbo/Dokumente/projektarbeit/pico_dateien/pico-sdk/lib/lwip/src/core/netif.c.obj (atoi)
/usr/lib/gcc/arm-none-eabi/10.3.1/../../../arm-none-eabi/lib/thumb/v6-m/nofp/libg.a(lib_a-calloc.o)
                              CMakeFiles/mqtt_client.dir/home/hbo/Dokumente/projektarbeit/pico_dateien/pico-sdk/src/rp2_common/pico_malloc/pico_malloc.c.obj (calloc)
/usr/lib/gcc/arm-none-eabi/10.3.1/../../../arm-none-eabi/lib/thumb/v6-m/nofp/libg.a(lib_a-callocr.o)
                              /usr/lib/gcc/arm-none-eabi/10.3.1/../../../arm-none-eabi/lib/thumb/v6-m/nofp/libg.a(lib_a-calloc.o) (_calloc_r)
/usr/lib/gcc/arm-none-eabi/10.3.1/../../../arm-none-eabi/lib/thumb/v6-m/nofp/libg.a(lib_a-ctype_.o)
                              CMakeFiles/mqtt_client.dir/home/hbo/Dokumente/projektarbeit/pico_dateien/pico-sdk/lib/tinyusb/src/tusb.c.obj (_ctype_)
/usr/lib/gcc/arm-none-eabi/10.3.1/../../../arm-none-eabi/lib/thumb/v6-m/nofp/libg.a(lib_a-fini.o)
                              /usr/lib/gcc/arm-none-eabi/10.3.1/../../../arm-none-eabi/lib/thumb/v6-m/nofp/crt0.o (__libc_fini_array)
/usr/lib/gcc/arm-none-eabi/10.3.1/../../../arm-none-eabi/lib/thumb/v6-m/nofp/libg.a(lib_a-impure.o)
                              /usr/lib/gcc/arm-none-eabi/10.3.1/../../../arm-none-eabi/lib/thumb/v6-m/nofp/libg.a(lib_a-calloc.o) (_impure_ptr)
/usr/lib/gcc/arm-none-eabi/10.3.1/../../../arm-none-eabi/lib/thumb/v6-m/nofp/libg.a(lib_a-init.o)
                              /usr/lib/gcc/arm-none-eabi/10.3.1/../../../arm-none-eabi/lib/thumb/v6-m/nofp/crt0.o (__libc_init_array)
/usr/lib/gcc/arm-none-eabi/10.3.1/../../../arm-none-eabi/lib/thumb/v6-m/nofp/libg.a(lib_a-malloc.o)
                              CMakeFiles/mqtt_client.dir/home/hbo/Dokumente/projektarbeit/pico_dateien/pico-sdk/src/rp2_common/pico_malloc/pico_malloc.c.obj (malloc)
/usr/lib/gcc/arm-none-eabi/10.3.1/../../../arm-none-eabi/lib/thumb/v6-m/nofp/libg.a(lib_a-mallocr.o)
                              /usr/lib/gcc/arm-none-eabi/10.3.1/../../../arm-none-eabi/lib/thumb/v6-m/nofp/libg.a(lib_a-callocr.o) (_malloc_r)
/usr/lib/gcc/arm-none-eabi/10.3.1/../../../arm-none-eabi/lib/thumb/v6-m/nofp/libg.a(lib_a-memcmp.o)
                              CMakeFiles/mqtt_client.dir/home/hbo/Dokumente/projektarbeit/pico_dateien/pico-sdk/lib/cyw43-driver/src/cyw43_ll.c.obj (memcmp)
/usr/lib/gcc/arm-none-eabi/10.3.1/../../../arm-none-eabi/lib/thumb/v6-m/nofp/libg.a(lib_a-memmove.o)
                              CMakeFiles/mqtt_client.dir/home/hbo/Dokumente/projektarbeit/pico_dateien/pico-sdk/lib/cyw43-driver/src/cyw43_ll.c.obj (memmove)
/usr/lib/gcc/arm-none-eabi/10.3.1/../../../arm-none-eabi/lib/thumb/v6-m/nofp/libg.a(lib_a-mlock.o)
                              /usr/lib/gcc/arm-none-eabi/10.3.1/../../../arm-none-eabi/lib/thumb/v6-m/nofp/libg.a(lib_a-mallocr.o) (__malloc_lock)
/usr/lib/gcc/arm-none-eabi/10.3.1/../../../arm-none-eabi/lib/thumb/v6-m/nofp/libg.a(lib_a-realloc.o)
                              CMakeFiles/mqtt_client.dir/home/hbo/Dokumente/projektarbeit/pico_dateien/pico-sdk/src/rp2_common/pico_malloc/pico_malloc.c.obj (realloc)
/usr/lib/gcc/arm-none-eabi/10.3.1/../../../arm-none-eabi/lib/thumb/v6-m/nofp/libg.a(lib_a-reallocr.o)
                              /usr/lib/gcc/arm-none-eabi/10.3.1/../../../arm-none-eabi/lib/thumb/v6-m/nofp/libg.a(lib_a-realloc.o) (_realloc_r)
/usr/lib/gcc/arm-none-eabi/10.3.1/../../../arm-none-eabi/lib/thumb/v6-m/nofp/libg.a(lib_a-sbrkr.o)
                              /usr/lib/gcc/arm-none-eabi/10.3.1/../../../arm-none-eabi/lib/thumb/v6-m/nofp/libg.a(lib_a-mallocr.o) (_sbrk_r)
/usr/lib/gcc/arm-none-eabi/10.3.1/../../../arm-none-eabi/lib/thumb/v6-m/nofp/libg.a(lib_a-strlen-stub.o)
                              CMakeFiles/mqtt_client.dir/mqtt_client.c.obj (strlen)
/usr/lib/gcc/arm-none-eabi/10.3.1/../../../arm-none-eabi/lib/thumb/v6-m/nofp/libg.a(lib_a-strncmp.o)
                              CMakeFiles/mqtt_client.dir/home/hbo/Dokumente/projektarbeit/pico_dateien/pico-sdk/lib/cyw43-driver/src/cyw43_ll.c.obj (strncmp)
/usr/lib/gcc/arm-none-eabi/10.3.1/../../../arm-none-eabi/lib/thumb/v6-m/nofp/libg.a(lib_a-strtol.o)
                              /usr/lib/gcc/arm-none-eabi/10.3.1/../../../arm-none-eabi/lib/thumb/v6-m/nofp/libg.a(lib_a-atoi.o) (_strtol_r)
[...]
Memory Configuration

Name             Origin             Length             Attributes
FLASH            0x0000000010000000 0x0000000000200000 xr
RAM              0x0000000020000000 0x0000000000040000 xrw
SCRATCH_X        0x0000000020040000 0x0000000000001000 xrw
SCRATCH_Y        0x0000000020041000 0x0000000000001000 xrw
*default*        0x0000000000000000 0xffffffffffffffff

Linker script and memory map

LOAD /usr/lib/gcc/arm-none-eabi/10.3.1/thumb/v6-m/nofp/crti.o
LOAD /usr/lib/gcc/arm-none-eabi/10.3.1/thumb/v6-m/nofp/crtbegin.o
LOAD /usr/lib/gcc/arm-none-eabi/10.3.1/../../../arm-none-eabi/lib/thumb/v6-m/nofp/crt0.o

.flash_begin    0x0000000010000000        0x0
                0x0000000010000000                __flash_binary_start = .

.boot2          0x0000000010000000      0x100
                0x0000000010000000                __boot2_start__ = .
 *(.boot2)
 .boot2         0x0000000010000000      0x100 /tmp/cccASmeo.o
                0x0000000010000100                __boot2_end__ = .
                0x0000000000000001                ASSERT (((__boot2_end__ - __boot2_start__) == 0x100), ERROR: Pico second stage bootloader must be 256 bytes in size)

.text           0x0000000010000100    0x15980
                0x0000000010000100                __logical_binary_start = .
 *(.vectors)
 .vectors       0x0000000010000100       0xd4 CMakeFiles/mqtt_client.dir/home/hbo/Dokumente/projektarbeit/pico_dateien/pico-sdk/src/rp2_common/pico_standard_link/crt0.S.obj
                0x0000000010000100                __vectors
                0x0000000010000100                __VECTOR_TABLE
                0x00000000100001c0                isr_invalid
                0x00000000100001c0                __default_isrs_start
                0x00000000100001c2                isr_nmi
                0x00000000100001c4                isr_hardfault
                0x00000000100001c6                isr_svcall
                0x00000000100001c8                isr_pendsv
                0x00000000100001ca                isr_systick
                0x00000000100001cc                isr_irq30
                0x00000000100001cc                __unhandled_user_irq
                0x00000000100001cc                isr_irq13
                0x00000000100001cc                isr_irq27
                0x00000000100001cc                isr_irq31
                0x00000000100001cc                isr_irq5
                0x00000000100001cc                isr_irq11
                0x00000000100001cc                isr_irq23
                0x00000000100001cc                isr_irq18
                0x00000000100001cc                isr_irq28
                0x00000000100001cc                isr_irq19
                0x00000000100001cc                isr_irq0
                0x00000000100001cc                isr_irq6
                0x00000000100001cc                isr_irq22
                0x00000000100001cc                isr_irq17
                0x00000000100001cc                isr_irq14
                0x00000000100001cc                isr_irq2
                0x00000000100001cc                isr_irq10
                0x00000000100001cc                isr_irq8
                0x00000000100001cc                isr_irq24
                0x00000000100001cc                isr_irq1
                0x00000000100001cc                isr_irq7
                0x00000000100001cc                isr_irq21
                0x00000000100001cc                isr_irq20
                0x00000000100001cc                isr_irq15
                0x00000000100001cc                isr_irq25
                0x00000000100001cc                isr_irq4
                0x00000000100001cc                isr_irq16
                0x00000000100001cc                isr_irq29
                0x00000000100001cc                isr_irq26
                0x00000000100001cc                __default_isrs_end
                0x00000000100001cc                isr_irq3
                0x00000000100001cc                isr_irq12
                0x00000000100001cc                isr_irq9
                0x00000000100001d2                unhandled_user_irq_num_in_r0
 *(.binary_info_header)
 .binary_info_header
                0x00000000100001d4       0x14 CMakeFiles/mqtt_client.dir/home/hbo/Dokumente/projektarbeit/pico_dateien/pico-sdk/src/rp2_common/pico_standard_link/crt0.S.obj
                0x00000000100001e8                __binary_info_header_end = .
 *(.reset)
 .reset         0x00000000100001e8       0xa0 CMakeFiles/mqtt_client.dir/home/hbo/Dokumente/projektarbeit/pico_dateien/pico-sdk/src/rp2_common/pico_standard_link/crt0.S.obj
                0x00000000100001e8                _entry_point
 .reset         0x0000000010000288       0x30 CMakeFiles/mqtt_client.dir/home/hbo/Dokumente/projektarbeit/pico_dateien/pico-sdk/src/rp2_common/pico_standard_link/binary_info.c.obj
 *(.init)
 .init          0x00000000100002b8        0x4 /usr/lib/gcc/arm-none-eabi/10.3.1/thumb/v6-m/nofp/crti.o
                0x00000000100002b8                _init
 *(EXCLUDE_FILE(*libm.a: *libc.a:*lib_a-mem*.o *libgcc.a:) .text*)
 .text          0x00000000100002bc       0x98 /usr/lib/gcc/arm-none-eabi/10.3.1/thumb/v6-m/nofp/crtbegin.o
 .text.mqttConnCb
                0x0000000010000354       0x10 CMakeFiles/mqtt_client.dir/mqtt_client.c.obj
 .text.mqttPubCb
                0x0000000010000364       0x10 CMakeFiles/mqtt_client.dir/mqtt_client.c.obj
 .text.mqttConnect
                0x0000000010000374       0x38 CMakeFiles/mqtt_client.dir/mqtt_client.c.obj
                0x0000000010000374                mqttConnect
 .text.mqttPublish
                0x00000000100003ac       0x48 CMakeFiles/mqtt_client.dir/mqtt_client.c.obj
                0x00000000100003ac                mqttPublish
 .text.main     0x00000000100003f4       0x8c CMakeFiles/mqtt_client.dir/mqtt_client.c.obj
                0x00000000100003f4                main
 .text.mqtt_msg_type_to_str
                0x0000000010000480       0x14 CMakeFiles/mqtt_client.dir/home/hbo/Dokumente/projektarbeit/pico_dateien/pico-sdk/lib/lwip/src/apps/mqtt/mqtt.c.obj
 .text.msg_generate_packet_id
                0x0000000010000494       0x14 CMakeFiles/mqtt_client.dir/home/hbo/Dokumente/projektarbeit/pico_dateien/pico-sdk/lib/lwip/src/apps/mqtt/mqtt.c.obj
 .text.mqtt_ringbuf_put
                0x00000000100004a8       0x16 CMakeFiles/mqtt_client.dir/home/hbo/Dokumente/projektarbeit/pico_dateien/pico-sdk/lib/lwip/src/apps/mqtt/mqtt.c.obj
 .text.mqtt_ringbuf_get_ptr
                0x00000000100004be        0x8 CMakeFiles/mqtt_client.dir/home/hbo/Dokumente/projektarbeit/pico_dateien/pico-sdk/lib/lwip/src/apps/mqtt/mqtt.c.obj
 .text.mqtt_ringbuf_len
                0x00000000100004c6       0x16 CMakeFiles/mqtt_client.dir/home/hbo/Dokumente/projektarbeit/pico_dateien/pico-sdk/lib/lwip/src/apps/mqtt/mqtt.c.obj
 .text.mqtt_delete_request
                0x00000000100004dc        0x8 CMakeFiles/mqtt_client.dir/home/hbo/Dokumente/projektarbeit/pico_dateien/pico-sdk/lib/lwip/src/apps/mqtt/mqtt.c.obj
 .text.mqtt_output_append_u8
                0x00000000100004e4        0x8 CMakeFiles/mqtt_client.dir/home/hbo/Dokumente/projektarbeit/pico_dateien/pico-sdk/lib/lwip/src/apps/mqtt/mqtt.c.obj
 .text.mqtt_output_append_u16
                0x00000000100004ec       0x16 CMakeFiles/mqtt_client.dir/home/hbo/Dokumente/projektarbeit/pico_dateien/pico-sdk/lib/lwip/src/apps/mqtt/mqtt.c.obj
 .text.mqtt_output_append_buf
                0x0000000010000502       0x1e CMakeFiles/mqtt_client.dir/home/hbo/Dokumente/projektarbeit/pico_dateien/pico-sdk/lib/lwip/src/apps/mqtt/mqtt.c.obj
 .text.mqtt_output_append_string
                0x0000000010000520       0x2c CMakeFiles/mqtt_client.dir/home/hbo/Dokumente/projektarbeit/pico_dateien/pico-sdk/lib/lwip/src/apps/mqtt/mqtt.c.obj
 .text.mqtt_output_append_fixed_header
                0x000000001000054c       0x52 CMakeFiles/mqtt_client.dir/home/hbo/Dokumente/projektarbeit/pico_dateien/pico-sdk/lib/lwip/src/apps/mqtt/mqtt.c.obj
 .text.mqtt_incoming_suback
                0x000000001000059e       0x1a CMakeFiles/mqtt_client.dir/home/hbo/Dokumente/projektarbeit/pico_dateien/pico-sdk/lib/lwip/src/apps/mqtt/mqtt.c.obj
 .text.mqtt_create_request
                0x00000000100005b8       0x48 CMakeFiles/mqtt_client.dir/home/hbo/Dokumente/projektarbeit/pico_dateien/pico-sdk/lib/lwip/src/apps/mqtt/mqtt.c.obj
 .text.mqtt_output_check_space
                0x0000000010000600       0x3c CMakeFiles/mqtt_client.dir/home/hbo/Dokumente/projektarbeit/pico_dateien/pico-sdk/lib/lwip/src/apps/mqtt/mqtt.c.obj
 .text.mqtt_append_request
                0x000000001000063c       0x50 CMakeFiles/mqtt_client.dir/home/hbo/Dokumente/projektarbeit/pico_dateien/pico-sdk/lib/lwip/src/apps/mqtt/mqtt.c.obj
 .text.mqtt_ringbuf_advance_get_idx
                0x000000001000068c       0x2c CMakeFiles/mqtt_client.dir/home/hbo/Dokumente/projektarbeit/pico_dateien/pico-sdk/lib/lwip/src/apps/mqtt/mqtt.c.obj
 .text.mqtt_request_time_elapsed
                0x00000000100006b8       0x54 CMakeFiles/mqtt_client.dir/home/hbo/Dokumente/projektarbeit/pico_dateien/pico-sdk/lib/lwip/src/apps/mqtt/mqtt.c.obj
 .text.mqtt_clear_requests
                0x000000001000070c       0x28 CMakeFiles/mqtt_client.dir/home/hbo/Dokumente/projektarbeit/pico_dateien/pico-sdk/lib/lwip/src/apps/mqtt/mqtt.c.obj
 .text.mqtt_take_request
                0x0000000010000734       0x50 CMakeFiles/mqtt_client.dir/home/hbo/Dokumente/projektarbeit/pico_dateien/pico-sdk/lib/lwip/src/apps/mqtt/mqtt.c.obj
 .text.mqtt_init_requests
                0x0000000010000784       0x2c CMakeFiles/mqtt_client.dir/home/hbo/Dokumente/projektarbeit/pico_dateien/pico-sdk/lib/lwip/src/apps/mqtt/mqtt.c.obj
 .text.mqtt_output_send
                0x00000000100007b0      0x118 CMakeFiles/mqtt_client.dir/home/hbo/Dokumente/projektarbeit/pico_dateien/pico-sdk/lib/lwip/src/apps/mqtt/mqtt.c.obj
 .text.mqtt_tcp_poll_cb
                0x00000000100008c8       0x14 CMakeFiles/mqtt_client.dir/home/hbo/Dokumente/projektarbeit/pico_dateien/pico-sdk/lib/lwip/src/apps/mqtt/mqtt.c.obj
 .text.pub_ack_rec_rel_response
                0x00000000100008dc       0x68 CMakeFiles/mqtt_client.dir/home/hbo/Dokumente/projektarbeit/pico_dateien/pico-sdk/lib/lwip/src/apps/mqtt/mqtt.c.obj
 .text.mqtt_tcp_sent_cb
                0x0000000010000944       0x50 CMakeFiles/mqtt_client.dir/home/hbo/Dokumente/projektarbeit/pico_dateien/pico-sdk/lib/lwip/src/apps/mqtt/mqtt.c.obj
 .text.mqtt_message_received
                0x0000000010000994      0x370 CMakeFiles/mqtt_client.dir/home/hbo/Dokumente/projektarbeit/pico_dateien/pico-sdk/lib/lwip/src/apps/mqtt/mqtt.c.obj
 .text.mqtt_close
                0x0000000010000d04       0x88 CMakeFiles/mqtt_client.dir/home/hbo/Dokumente/projektarbeit/pico_dateien/pico-sdk/lib/lwip/src/apps/mqtt/mqtt.c.obj
 .text.mqtt_tcp_err_cb
                0x0000000010000d8c       0x30 CMakeFiles/mqtt_client.dir/home/hbo/Dokumente/projektarbeit/pico_dateien/pico-sdk/lib/lwip/src/apps/mqtt/mqtt.c.obj
 .text.mqtt_cyclic_timer
                0x0000000010000dbc       0xec CMakeFiles/mqtt_client.dir/home/hbo/Dokumente/projektarbeit/pico_dateien/pico-sdk/lib/lwip/src/apps/mqtt/mqtt.c.obj
 .text.mqtt_tcp_connect_cb
                0x0000000010000ea8       0x7c CMakeFiles/mqtt_client.dir/home/hbo/Dokumente/projektarbeit/pico_dateien/pico-sdk/lib/lwip/src/apps/mqtt/mqtt.c.obj
 .text.mqtt_parse_incoming
                0x0000000010000f24      0x138 CMakeFiles/mqtt_client.dir/home/hbo/Dokumente/projektarbeit/pico_dateien/pico-sdk/lib/lwip/src/apps/mqtt/mqtt.c.obj
 .text.mqtt_tcp_recv_cb
                0x000000001000105c       0x98 CMakeFiles/mqtt_client.dir/home/hbo/Dokumente/projektarbeit/pico_dateien/pico-sdk/lib/lwip/src/apps/mqtt/mqtt.c.obj
 .text.mqtt_publish
                0x00000000100010f4      0x164 CMakeFiles/mqtt_client.dir/home/hbo/Dokumente/projektarbeit/pico_dateien/pico-sdk/lib/lwip/src/apps/mqtt/mqtt.c.obj
                0x00000000100010f4                mqtt_publish
 .text.mqtt_client_new
                0x0000000010001258        0xe CMakeFiles/mqtt_client.dir/home/hbo/Dokumente/projektarbeit/pico_dateien/pico-sdk/lib/lwip/src/apps/mqtt/mqtt.c.obj
                0x0000000010001258                mqtt_client_new
 *fill*         0x0000000010001266        0x2 
 .text.mqtt_client_connect
                0x0000000010001268      0x3e4 CMakeFiles/mqtt_client.dir/home/hbo/Dokumente/projektarbeit/pico_dateien/pico-sdk/lib/lwip/src/apps/mqtt/mqtt.c.obj
                0x0000000010001268                mqtt_client_connect
 .text.status_name
                0x000000001000164c       0x54 CMakeFiles/mqtt_client.dir/home/hbo/Dokumente/projektarbeit/pico_dateien/pico-sdk/src/rp2_common/pico_cyw43_arch/cyw43_arch.c.obj
 .text.cyw43_arch_wifi_connect_async
                0x00000000100016a0       0x48 CMakeFiles/mqtt_client.dir/home/hbo/Dokumente/projektarbeit/pico_dateien/pico-sdk/src/rp2_common/pico_cyw43_arch/cyw43_arch.c.obj
                0x00000000100016a0                cyw43_arch_wifi_connect_async
 .text.cyw43_arch_wifi_connect_until
                0x00000000100016e8       0x90 CMakeFiles/mqtt_client.dir/home/hbo/Dokumente/projektarbeit/pico_dateien/pico-sdk/src/rp2_common/pico_cyw43_arch/cyw43_arch.c.obj
                0x00000000100016e8                cyw43_arch_wifi_connect_until
 .text.cyw43_arch_wifi_connect_timeout_ms
                0x0000000010001778       0x80 CMakeFiles/mqtt_client.dir/home/hbo/Dokumente/projektarbeit/pico_dateien/pico-sdk/src/rp2_common/pico_cyw43_arch/cyw43_arch.c.obj
                0x0000000010001778                cyw43_arch_wifi_connect_timeout_ms
 .text.storage_read_blocks
                0x00000000100017f8        0x6 CMakeFiles/mqtt_client.dir/home/hbo/Dokumente/projektarbeit/pico_dateien/pico-sdk/src/rp2_common/pico_cyw43_arch/cyw43_arch.c.obj
                0x00000000100017f8                storage_read_blocks
 *fill*         0x00000000100017fe        0x2 
 .text.cyw43_hal_generate_laa_mac
                0x0000000010001800       0x34 CMakeFiles/mqtt_client.dir/home/hbo/Dokumente/projektarbeit/pico_dateien/pico-sdk/src/rp2_common/pico_cyw43_arch/cyw43_arch.c.obj
                0x0000000010001800                cyw43_hal_generate_laa_mac
 .text.cyw43_hal_get_mac
                0x0000000010001834       0x1c CMakeFiles/mqtt_client.dir/home/hbo/Dokumente/projektarbeit/pico_dateien/pico-sdk/src/rp2_common/pico_cyw43_arch/cyw43_arch.c.obj
                0x0000000010001834                cyw43_hal_get_mac
 .text.cyw43_arch_get_country_code
                0x0000000010001850        0xc CMakeFiles/mqtt_client.dir/home/hbo/Dokumente/projektarbeit/pico_dateien/pico-sdk/src/rp2_common/pico_cyw43_arch/cyw43_arch.c.obj
                0x0000000010001850                cyw43_arch_get_country_code
 .text.cyw43_arch_enable_sta_mode
                0x000000001000185c       0x40 CMakeFiles/mqtt_client.dir/home/hbo/Dokumente/projektarbeit/pico_dateien/pico-sdk/src/rp2_common/pico_cyw43_arch/cyw43_arch.c.obj
                0x000000001000185c                cyw43_arch_enable_sta_mode
 .text.cyw43_arch_init_with_country
                0x000000001000189c       0x10 CMakeFiles/mqtt_client.dir/home/hbo/Dokumente/projektarbeit/pico_dateien/pico-sdk/src/rp2_common/pico_cyw43_arch/cyw43_arch.c.obj
                0x000000001000189c                cyw43_arch_init_with_country
 .text.low_prio_irq_schedule_dispatch
                0x00000000100018ac       0x68 CMakeFiles/mqtt_client.dir/home/hbo/Dokumente/projektarbeit/pico_dateien/pico-sdk/src/rp2_common/pico_cyw43_arch/cyw43_arch_threadsafe_background.c.obj
 .text.gpio_irq_handler
                0x0000000010001914       0x58 CMakeFiles/mqtt_client.dir/home/hbo/Dokumente/projektarbeit/pico_dateien/pico-sdk/src/rp2_common/pico_cyw43_arch/cyw43_arch_threadsafe_background.c.obj
 .text.periodic_alarm_handler
                0x000000001000196c       0x18 CMakeFiles/mqtt_client.dir/home/hbo/Dokumente/projektarbeit/pico_dateien/pico-sdk/src/rp2_common/pico_cyw43_arch/cyw43_arch_threadsafe_background.c.obj
 .text.periodic_worker
                0x0000000010001984       0x34 CMakeFiles/mqtt_client.dir/home/hbo/Dokumente/projektarbeit/pico_dateien/pico-sdk/src/rp2_common/pico_cyw43_arch/cyw43_arch_threadsafe_background.c.obj
 .text.low_prio_irq_init
                0x00000000100019b8       0x64 CMakeFiles/mqtt_client.dir/home/hbo/Dokumente/projektarbeit/pico_dateien/pico-sdk/src/rp2_common/pico_cyw43_arch/cyw43_arch_threadsafe_background.c.obj
 .text.low_priority_irq_handler
                0x0000000010001a1c       0x9c CMakeFiles/mqtt_client.dir/home/hbo/Dokumente/projektarbeit/pico_dateien/pico-sdk/src/rp2_common/pico_cyw43_arch/cyw43_arch_threadsafe_background.c.obj
 .text.low_prio_irq_deinit
                0x0000000010001ab8       0x30 CMakeFiles/mqtt_client.dir/home/hbo/Dokumente/projektarbeit/pico_dateien/pico-sdk/src/rp2_common/pico_cyw43_arch/cyw43_arch_threadsafe_background.c.obj
 .text.cyw43_delay_until
                0x0000000010001ae8       0x16 CMakeFiles/mqtt_client.dir/home/hbo/Dokumente/projektarbeit/pico_dateien/pico-sdk/src/rp2_common/pico_cyw43_arch/cyw43_arch_threadsafe_background.c.obj
 *fill*         0x0000000010001afe        0x2 
 .text.cyw43_await_background_or_timeout_us
                0x0000000010001b00       0x1c CMakeFiles/mqtt_client.dir/home/hbo/Dokumente/projektarbeit/pico_dateien/pico-sdk/src/rp2_common/pico_cyw43_arch/cyw43_arch_threadsafe_background.c.obj
                0x0000000010001b00                cyw43_await_background_or_timeout_us
 .text.cyw43_arch_deinit
                0x0000000010001b1c       0x4c CMakeFiles/mqtt_client.dir/home/hbo/Dokumente/projektarbeit/pico_dateien/pico-sdk/src/rp2_common/pico_cyw43_arch/cyw43_arch_threadsafe_background.c.obj
                0x0000000010001b1c                cyw43_arch_deinit
 .text.cyw43_arch_init
                0x0000000010001b68       0xf0 CMakeFiles/mqtt_client.dir/home/hbo/Dokumente/projektarbeit/pico_dateien/pico-sdk/src/rp2_common/pico_cyw43_arch/cyw43_arch_threadsafe_background.c.obj
                0x0000000010001b68                cyw43_arch_init
 .text.cyw43_post_poll_hook
                0x0000000010001c58        0xe CMakeFiles/mqtt_client.dir/home/hbo/Dokumente/projektarbeit/pico_dateien/pico-sdk/src/rp2_common/pico_cyw43_arch/cyw43_arch_threadsafe_background.c.obj
                0x0000000010001c58                cyw43_post_poll_hook
 .text.cyw43_schedule_internal_poll_dispatch
                0x0000000010001c66        0xc CMakeFiles/mqtt_client.dir/home/hbo/Dokumente/projektarbeit/pico_dateien/pico-sdk/src/rp2_common/pico_cyw43_arch/cyw43_arch_threadsafe_background.c.obj
                0x0000000010001c66                cyw43_schedule_internal_poll_dispatch
 *fill*         0x0000000010001c72        0x2 
 .text.cyw43_thread_enter
                0x0000000010001c74       0x10 CMakeFiles/mqtt_client.dir/home/hbo/Dokumente/projektarbeit/pico_dateien/pico-sdk/src/rp2_common/pico_cyw43_arch/cyw43_arch_threadsafe_background.c.obj
                0x0000000010001c74                cyw43_thread_enter
 .text.cyw43_thread_lock_check
                0x0000000010001c84       0x2c CMakeFiles/mqtt_client.dir/home/hbo/Dokumente/projektarbeit/pico_dateien/pico-sdk/src/rp2_common/pico_cyw43_arch/cyw43_arch_threadsafe_background.c.obj
                0x0000000010001c84                cyw43_thread_lock_check
 .text.cyw43_thread_exit
                0x0000000010001cb0       0x58 CMakeFiles/mqtt_client.dir/home/hbo/Dokumente/projektarbeit/pico_dateien/pico-sdk/src/rp2_common/pico_cyw43_arch/cyw43_arch_threadsafe_background.c.obj
                0x0000000010001cb0                cyw43_thread_exit
 .text.cyw43_delay_ms
                0x0000000010001d08       0x60 CMakeFiles/mqtt_client.dir/home/hbo/Dokumente/projektarbeit/pico_dateien/pico-sdk/src/rp2_common/pico_cyw43_arch/cyw43_arch_threadsafe_background.c.obj
                0x0000000010001d08                cyw43_delay_ms
 .text.cyw43_delay_us
                0x0000000010001d68       0x58 CMakeFiles/mqtt_client.dir/home/hbo/Dokumente/projektarbeit/pico_dateien/pico-sdk/src/rp2_common/pico_cyw43_arch/cyw43_arch_threadsafe_background.c.obj
                0x0000000010001d68                cyw43_delay_us
 .text.cyw43_arch_poll
                0x0000000010001dc0        0x2 CMakeFiles/mqtt_client.dir/home/hbo/Dokumente/projektarbeit/pico_dateien/pico-sdk/src/rp2_common/pico_cyw43_arch/cyw43_arch_threadsafe_background.c.obj
                0x0000000010001dc0                cyw43_arch_poll
 *fill*         0x0000000010001dc2        0x2 
 .text._retrieve_unique_id_on_boot
                0x0000000010001dc4       0x10 CMakeFiles/mqtt_client.dir/home/hbo/Dokumente/projektarbeit/pico_dateien/pico-sdk/src/rp2_common/pico_unique_id/unique_id.c.obj
 .text.pico_get_unique_board_id
                0x0000000010001dd4       0x10 CMakeFiles/mqtt_client.dir/home/hbo/Dokumente/projektarbeit/pico_dateien/pico-sdk/src/rp2_common/pico_unique_id/unique_id.c.obj
                0x0000000010001dd4                pico_get_unique_board_id
 .text.pico_get_unique_board_id_string
                0x0000000010001de4       0x60 CMakeFiles/mqtt_client.dir/home/hbo/Dokumente/projektarbeit/pico_dateien/pico-sdk/src/rp2_common/pico_unique_id/unique_id.c.obj
                0x0000000010001de4                pico_get_unique_board_id_string
 .text.flash_get_unique_id
                0x0000000010001e44       0x46 CMakeFiles/mqtt_client.dir/home/hbo/Dokumente/projektarbeit/pico_dateien/pico-sdk/src/rp2_common/hardware_flash/flash.c.obj
                0x0000000010001e44                flash_get_unique_id
 *fill*         0x0000000010001e8a        0x2 
 .text.hw_claim_lock
                0x0000000010001e8c       0x18 CMakeFiles/mqtt_client.dir/home/hbo/Dokumente/projektarbeit/pico_dateien/pico-sdk/src/rp2_common/hardware_claim/claim.c.obj
                0x0000000010001e8c                hw_claim_lock
 .text.hw_claim_unlock
                0x0000000010001ea4       0x14 CMakeFiles/mqtt_client.dir/home/hbo/Dokumente/projektarbeit/pico_dateien/pico-sdk/src/rp2_common/hardware_claim/claim.c.obj
                0x0000000010001ea4                hw_claim_unlock
 .text.hw_claim_or_assert
                0x0000000010001eb8       0x32 CMakeFiles/mqtt_client.dir/home/hbo/Dokumente/projektarbeit/pico_dateien/pico-sdk/src/rp2_common/hardware_claim/claim.c.obj
                0x0000000010001eb8                hw_claim_or_assert
 .text.hw_claim_unused_from_range
                0x0000000010001eea       0x50 CMakeFiles/mqtt_client.dir/home/hbo/Dokumente/projektarbeit/pico_dateien/pico-sdk/src/rp2_common/hardware_claim/claim.c.obj
                0x0000000010001eea                hw_claim_unused_from_range
 *fill*         0x0000000010001f3a        0x2 
 .text.hw_claim_clear
                0x0000000010001f3c       0x40 CMakeFiles/mqtt_client.dir/home/hbo/Dokumente/projektarbeit/pico_dateien/pico-sdk/src/rp2_common/hardware_claim/claim.c.obj
                0x0000000010001f3c                hw_claim_clear
 .text.running_on_fpga
                0x0000000010001f7c       0x14 CMakeFiles/mqtt_client.dir/home/hbo/Dokumente/projektarbeit/pico_dateien/pico-sdk/src/rp2_common/pico_platform/platform.c.obj
                0x0000000010001f7c                running_on_fpga
 .text.spin_locks_reset
                0x0000000010001f90       0x20 CMakeFiles/mqtt_client.dir/home/hbo/Dokumente/projektarbeit/pico_dateien/pico-sdk/src/rp2_common/hardware_sync/sync.c.obj
                0x0000000010001f90                spin_locks_reset
 .text.next_striped_spin_lock_num
                0x0000000010001fb0       0x1c CMakeFiles/mqtt_client.dir/home/hbo/Dokumente/projektarbeit/pico_dateien/pico-sdk/src/rp2_common/hardware_sync/sync.c.obj
                0x0000000010001fb0                next_striped_spin_lock_num
 .text.spin_lock_claim_unused
                0x0000000010001fcc       0x20 CMakeFiles/mqtt_client.dir/home/hbo/Dokumente/projektarbeit/pico_dateien/pico-sdk/src/rp2_common/hardware_sync/sync.c.obj
                0x0000000010001fcc                spin_lock_claim_unused
 .text.rom_func_lookup
                0x0000000010001fec       0x10 CMakeFiles/mqtt_client.dir/home/hbo/Dokumente/projektarbeit/pico_dateien/pico-sdk/src/rp2_common/pico_bootrom/bootrom.c.obj
                0x0000000010001fec                rom_func_lookup
 .text.rom_data_lookup
                0x0000000010001ffc       0x10 CMakeFiles/mqtt_client.dir/home/hbo/Dokumente/projektarbeit/pico_dateien/pico-sdk/src/rp2_common/pico_bootrom/bootrom.c.obj
                0x0000000010001ffc                rom_data_lookup
 .text.rom_funcs_lookup
                0x000000001000200c       0x36 CMakeFiles/mqtt_client.dir/home/hbo/Dokumente/projektarbeit/pico_dateien/pico-sdk/src/rp2_common/pico_bootrom/bootrom.c.obj
                0x000000001000200c                rom_funcs_lookup
 .text.cs_set   0x0000000010002042       0x1c CMakeFiles/mqtt_client.dir/home/hbo/Dokumente/projektarbeit/pico_dateien/pico-sdk/src/rp2_common/cyw43_driver/cyw43_bus_pio_spi.c.obj
 .text.start_spi_comms
                0x000000001000205e       0x18 CMakeFiles/mqtt_client.dir/home/hbo/Dokumente/projektarbeit/pico_dateien/pico-sdk/src/rp2_common/cyw43_driver/cyw43_bus_pio_spi.c.obj
 *fill*         0x0000000010002076        0x2 
 .text.ns_delay
                0x0000000010002078       0x20 CMakeFiles/mqtt_client.dir/home/hbo/Dokumente/projektarbeit/pico_dateien/pico-sdk/src/rp2_common/cyw43_driver/cyw43_bus_pio_spi.c.obj
 .text.stop_spi_comms
                0x0000000010002098       0x10 CMakeFiles/mqtt_client.dir/home/hbo/Dokumente/projektarbeit/pico_dateien/pico-sdk/src/rp2_common/cyw43_driver/cyw43_bus_pio_spi.c.obj
 .text.cyw43_spi_deinit
                0x00000000100020a8       0x64 CMakeFiles/mqtt_client.dir/home/hbo/Dokumente/projektarbeit/pico_dateien/pico-sdk/src/rp2_common/cyw43_driver/cyw43_bus_pio_spi.c.obj
                0x00000000100020a8                cyw43_spi_deinit
 .text.cyw43_spi_init
                0x000000001000210c      0x28c CMakeFiles/mqtt_client.dir/home/hbo/Dokumente/projektarbeit/pico_dateien/pico-sdk/src/rp2_common/cyw43_driver/cyw43_bus_pio_spi.c.obj
                0x000000001000210c                cyw43_spi_init
 .text.cyw43_spi_transfer
                0x0000000010002398      0x6a4 CMakeFiles/mqtt_client.dir/home/hbo/Dokumente/projektarbeit/pico_dateien/pico-sdk/src/rp2_common/cyw43_driver/cyw43_bus_pio_spi.c.obj
                0x0000000010002398                cyw43_spi_transfer
 .text.cyw43_spi_gpio_setup
                0x0000000010002a3c       0x3a CMakeFiles/mqtt_client.dir/home/hbo/Dokumente/projektarbeit/pico_dateien/pico-sdk/src/rp2_common/cyw43_driver/cyw43_bus_pio_spi.c.obj
                0x0000000010002a3c                cyw43_spi_gpio_setup
 .text.cyw43_spi_reset
                0x0000000010002a76       0x28 CMakeFiles/mqtt_client.dir/home/hbo/Dokumente/projektarbeit/pico_dateien/pico-sdk/src/rp2_common/cyw43_driver/cyw43_bus_pio_spi.c.obj
                0x0000000010002a76                cyw43_spi_reset
 *fill*         0x0000000010002a9e        0x2 
 .text.read_reg_u32_swap
                0x0000000010002aa0       0x68 CMakeFiles/mqtt_client.dir/home/hbo/Dokumente/projektarbeit/pico_dateien/pico-sdk/src/rp2_common/cyw43_driver/cyw43_bus_pio_spi.c.obj
                0x0000000010002aa0                read_reg_u32_swap
 .text.cyw43_read_reg_u32
                0x0000000010002b08       0x50 CMakeFiles/mqtt_client.dir/home/hbo/Dokumente/projektarbeit/pico_dateien/pico-sdk/src/rp2_common/cyw43_driver/cyw43_bus_pio_spi.c.obj
                0x0000000010002b08                cyw43_read_reg_u32
 .text.cyw43_read_reg_u16
                0x0000000010002b58       0x50 CMakeFiles/mqtt_client.dir/home/hbo/Dokumente/projektarbeit/pico_dateien/pico-sdk/src/rp2_common/cyw43_driver/cyw43_bus_pio_spi.c.obj
                0x0000000010002b58                cyw43_read_reg_u16
 .text.cyw43_read_reg_u8
                0x0000000010002ba8       0x50 CMakeFiles/mqtt_client.dir/home/hbo/Dokumente/projektarbeit/pico_dateien/pico-sdk/src/rp2_common/cyw43_driver/cyw43_bus_pio_spi.c.obj
                0x0000000010002ba8                cyw43_read_reg_u8
 .text.write_reg_u32_swap
                0x0000000010002bf8       0x34 CMakeFiles/mqtt_client.dir/home/hbo/Dokumente/projektarbeit/pico_dateien/pico-sdk/src/rp2_common/cyw43_driver/cyw43_bus_pio_spi.c.obj
                0x0000000010002bf8                write_reg_u32_swap
 .text.cyw43_write_reg_u32
                0x0000000010002c2c       0x58 CMakeFiles/mqtt_client.dir/home/hbo/Dokumente/projektarbeit/pico_dateien/pico-sdk/src/rp2_common/cyw43_driver/cyw43_bus_pio_spi.c.obj
                0x0000000010002c2c                cyw43_write_reg_u32
 .text.cyw43_write_reg_u16
                0x0000000010002c84       0x58 CMakeFiles/mqtt_client.dir/home/hbo/Dokumente/projektarbeit/pico_dateien/pico-sdk/src/rp2_common/cyw43_driver/cyw43_bus_pio_spi.c.obj
                0x0000000010002c84                cyw43_write_reg_u16
 .text.cyw43_write_reg_u8
                0x0000000010002cdc       0x58 CMakeFiles/mqtt_client.dir/home/hbo/Dokumente/projektarbeit/pico_dateien/pico-sdk/src/rp2_common/cyw43_driver/cyw43_bus_pio_spi.c.obj
                0x0000000010002cdc                cyw43_write_reg_u8
 .text.cyw43_read_bytes
                0x0000000010002d34       0xc4 CMakeFiles/mqtt_client.dir/home/hbo/Dokumente/projektarbeit/pico_dateien/pico-sdk/src/rp2_common/cyw43_driver/cyw43_bus_pio_spi.c.obj
                0x0000000010002d34                cyw43_read_bytes
 .text.cyw43_write_bytes
                0x0000000010002df8      0x130 CMakeFiles/mqtt_client.dir/home/hbo/Dokumente/projektarbeit/pico_dateien/pico-sdk/src/rp2_common/cyw43_driver/cyw43_bus_pio_spi.c.obj
                0x0000000010002df8                cyw43_write_bytes
 .text.get_core_address
                0x0000000010002f28       0x1c CMakeFiles/mqtt_client.dir/home/hbo/Dokumente/projektarbeit/pico_dateien/pico-sdk/lib/cyw43-driver/src/cyw43_ll.c.obj
 .text.sdpcm_process_rx_packet
                0x0000000010002f44      0x180 CMakeFiles/mqtt_client.dir/home/hbo/Dokumente/projektarbeit/pico_dateien/pico-sdk/lib/cyw43-driver/src/cyw43_ll.c.obj
 .text.cyw43_ll_wifi_parse_scan_result
                0x00000000100030c4       0x9c CMakeFiles/mqtt_client.dir/home/hbo/Dokumente/projektarbeit/pico_dateien/pico-sdk/lib/cyw43-driver/src/cyw43_ll.c.obj
 .text.cyw43_ll_parse_async_event
                0x0000000010003160       0x8e CMakeFiles/mqtt_client.dir/home/hbo/Dokumente/projektarbeit/pico_dateien/pico-sdk/lib/cyw43-driver/src/cyw43_ll.c.obj
 *fill*         0x00000000100031ee        0x2 
 .text.cyw43_read_reg
                0x00000000100031f0       0x48 CMakeFiles/mqtt_client.dir/home/hbo/Dokumente/projektarbeit/pico_dateien/pico-sdk/lib/cyw43-driver/src/cyw43_ll.c.obj
 .text.cyw43_kso_set
                0x0000000010003238       0x98 CMakeFiles/mqtt_client.dir/home/hbo/Dokumente/projektarbeit/pico_dateien/pico-sdk/lib/cyw43-driver/src/cyw43_ll.c.obj
 .text.cyw43_ll_bus_sleep_helper
                0x00000000100032d0        0xe CMakeFiles/mqtt_client.dir/home/hbo/Dokumente/projektarbeit/pico_dateien/pico-sdk/lib/cyw43-driver/src/cyw43_ll.c.obj
 *fill*         0x00000000100032de        0x2 
 .text.cyw43_write_reg
                0x00000000100032e0       0x4c CMakeFiles/mqtt_client.dir/home/hbo/Dokumente/projektarbeit/pico_dateien/pico-sdk/lib/cyw43-driver/src/cyw43_ll.c.obj
 .text.cyw43_set_backplane_window
                0x000000001000332c       0x74 CMakeFiles/mqtt_client.dir/home/hbo/Dokumente/projektarbeit/pico_dateien/pico-sdk/lib/cyw43-driver/src/cyw43_ll.c.obj
 .text.cyw43_read_backplane
                0x00000000100033a0       0x36 CMakeFiles/mqtt_client.dir/home/hbo/Dokumente/projektarbeit/pico_dateien/pico-sdk/lib/cyw43-driver/src/cyw43_ll.c.obj
 *fill*         0x00000000100033d6        0x2 
 .text.disable_device_core
                0x00000000100033d8       0x3c CMakeFiles/mqtt_client.dir/home/hbo/Dokumente/projektarbeit/pico_dateien/pico-sdk/lib/cyw43-driver/src/cyw43_ll.c.obj
 .text.device_core_is_up
                0x0000000010003414       0x4c CMakeFiles/mqtt_client.dir/home/hbo/Dokumente/projektarbeit/pico_dateien/pico-sdk/lib/cyw43-driver/src/cyw43_ll.c.obj
 .text.cyw43_write_backplane
                0x0000000010003460       0x3a CMakeFiles/mqtt_client.dir/home/hbo/Dokumente/projektarbeit/pico_dateien/pico-sdk/lib/cyw43-driver/src/cyw43_ll.c.obj
 .text.reset_device_core
                0x000000001000349a       0x74 CMakeFiles/mqtt_client.dir/home/hbo/Dokumente/projektarbeit/pico_dateien/pico-sdk/lib/cyw43-driver/src/cyw43_ll.c.obj
 *fill*         0x000000001000350e        0x2 
 .text.cyw43_download_resource
                0x0000000010003510      0x178 CMakeFiles/mqtt_client.dir/home/hbo/Dokumente/projektarbeit/pico_dateien/pico-sdk/lib/cyw43-driver/src/cyw43_ll.c.obj
 .text.cyw43_ll_init
                0x0000000010003688       0x1e CMakeFiles/mqtt_client.dir/home/hbo/Dokumente/projektarbeit/pico_dateien/pico-sdk/lib/cyw43-driver/src/cyw43_ll.c.obj
                0x0000000010003688                cyw43_ll_init
 .text.cyw43_ll_deinit
                0x00000000100036a6        0x8 CMakeFiles/mqtt_client.dir/home/hbo/Dokumente/projektarbeit/pico_dateien/pico-sdk/lib/cyw43-driver/src/cyw43_ll.c.obj
                0x00000000100036a6                cyw43_ll_deinit
 .text.cyw43_ll_bus_sleep
                0x00000000100036ae       0x34 CMakeFiles/mqtt_client.dir/home/hbo/Dokumente/projektarbeit/pico_dateien/pico-sdk/lib/cyw43-driver/src/cyw43_ll.c.obj
                0x00000000100036ae                cyw43_ll_bus_sleep
 *fill*         0x00000000100036e2        0x2 
 .text.cyw43_ll_sdpcm_poll_device
                0x00000000100036e4      0x158 CMakeFiles/mqtt_client.dir/home/hbo/Dokumente/projektarbeit/pico_dateien/pico-sdk/lib/cyw43-driver/src/cyw43_ll.c.obj
 .text.cyw43_ll_process_packets
                0x000000001000383c       0x58 CMakeFiles/mqtt_client.dir/home/hbo/Dokumente/projektarbeit/pico_dateien/pico-sdk/lib/cyw43-driver/src/cyw43_ll.c.obj
                0x000000001000383c                cyw43_ll_process_packets
 .text.cyw43_sdpcm_send_common
                0x0000000010003894      0x168 CMakeFiles/mqtt_client.dir/home/hbo/Dokumente/projektarbeit/pico_dateien/pico-sdk/lib/cyw43-driver/src/cyw43_ll.c.obj
 .text.cyw43_ll_send_ethernet
                0x00000000100039fc       0x5e CMakeFiles/mqtt_client.dir/home/hbo/Dokumente/projektarbeit/pico_dateien/pico-sdk/lib/cyw43-driver/src/cyw43_ll.c.obj
                0x00000000100039fc                cyw43_ll_send_ethernet
 .text.cyw43_send_ioctl
                0x0000000010003a5a       0x56 CMakeFiles/mqtt_client.dir/home/hbo/Dokumente/projektarbeit/pico_dateien/pico-sdk/lib/cyw43-driver/src/cyw43_ll.c.obj
 .text.cyw43_do_ioctl
                0x0000000010003ab0       0xc0 CMakeFiles/mqtt_client.dir/home/hbo/Dokumente/projektarbeit/pico_dateien/pico-sdk/lib/cyw43-driver/src/cyw43_ll.c.obj
 .text.cyw43_ll_ioctl
                0x0000000010003b70       0x1e CMakeFiles/mqtt_client.dir/home/hbo/Dokumente/projektarbeit/pico_dateien/pico-sdk/lib/cyw43-driver/src/cyw43_ll.c.obj
                0x0000000010003b70                cyw43_ll_ioctl
 *fill*         0x0000000010003b8e        0x2 
 .text.cyw43_clm_load
                0x0000000010003b90       0xdc CMakeFiles/mqtt_client.dir/home/hbo/Dokumente/projektarbeit/pico_dateien/pico-sdk/lib/cyw43-driver/src/cyw43_ll.c.obj
 .text.cyw43_write_iovar_u32
                0x0000000010003c6c       0x60 CMakeFiles/mqtt_client.dir/home/hbo/Dokumente/projektarbeit/pico_dateien/pico-sdk/lib/cyw43-driver/src/cyw43_ll.c.obj
 .text.cyw43_write_iovar_n
                0x0000000010003ccc       0x50 CMakeFiles/mqtt_client.dir/home/hbo/Dokumente/projektarbeit/pico_dateien/pico-sdk/lib/cyw43-driver/src/cyw43_ll.c.obj
 .text.cyw43_do_ioctl_u32
                0x0000000010003d1c       0x2e CMakeFiles/mqtt_client.dir/home/hbo/Dokumente/projektarbeit/pico_dateien/pico-sdk/lib/cyw43-driver/src/cyw43_ll.c.obj
 .text.cyw43_write_iovar_u32_u32
                0x0000000010003d4a       0x74 CMakeFiles/mqtt_client.dir/home/hbo/Dokumente/projektarbeit/pico_dateien/pico-sdk/lib/cyw43-driver/src/cyw43_ll.c.obj
 *fill*         0x0000000010003dbe        0x2 
 .text.cyw43_ll_wifi_on
                0x0000000010003dc0      0x220 CMakeFiles/mqtt_client.dir/home/hbo/Dokumente/projektarbeit/pico_dateien/pico-sdk/lib/cyw43-driver/src/cyw43_ll.c.obj
                0x0000000010003dc0                cyw43_ll_wifi_on
 .text.cyw43_ll_wifi_get_mac
                0x0000000010003fe0       0x48 CMakeFiles/mqtt_client.dir/home/hbo/Dokumente/projektarbeit/pico_dateien/pico-sdk/lib/cyw43-driver/src/cyw43_ll.c.obj
                0x0000000010003fe0                cyw43_ll_wifi_get_mac
 .text.cyw43_ll_bus_init
                0x0000000010004028      0x360 CMakeFiles/mqtt_client.dir/home/hbo/Dokumente/projektarbeit/pico_dateien/pico-sdk/lib/cyw43-driver/src/cyw43_ll.c.obj
                0x0000000010004028                cyw43_ll_bus_init
 .text.cyw43_ll_wifi_pm
                0x0000000010004388       0xd0 CMakeFiles/mqtt_client.dir/home/hbo/Dokumente/projektarbeit/pico_dateien/pico-sdk/lib/cyw43-driver/src/cyw43_ll.c.obj
                0x0000000010004388                cyw43_ll_wifi_pm
 .text.cyw43_ll_wifi_join
                0x0000000010004458      0x25c CMakeFiles/mqtt_client.dir/home/hbo/Dokumente/projektarbeit/pico_dateien/pico-sdk/lib/cyw43-driver/src/cyw43_ll.c.obj
                0x0000000010004458                cyw43_ll_wifi_join
 .text.cyw43_ll_wifi_set_wpa_auth
                0x00000000100046b4       0x16 CMakeFiles/mqtt_client.dir/home/hbo/Dokumente/projektarbeit/pico_dateien/pico-sdk/lib/cyw43-driver/src/cyw43_ll.c.obj
                0x00000000100046b4                cyw43_ll_wifi_set_wpa_auth
 *fill*         0x00000000100046ca        0x2 
 .text.cyw43_ll_wifi_rejoin
                0x00000000100046cc       0x20 CMakeFiles/mqtt_client.dir/home/hbo/Dokumente/projektarbeit/pico_dateien/pico-sdk/lib/cyw43-driver/src/cyw43_ll.c.obj
                0x00000000100046cc                cyw43_ll_wifi_rejoin
 .text.cyw43_ll_wifi_ap_init
                0x00000000100046ec      0x1a0 CMakeFiles/mqtt_client.dir/home/hbo/Dokumente/projektarbeit/pico_dateien/pico-sdk/lib/cyw43-driver/src/cyw43_ll.c.obj
                0x00000000100046ec                cyw43_ll_wifi_ap_init
 .text.cyw43_ll_wifi_ap_set_up
                0x000000001000488c       0x1c CMakeFiles/mqtt_client.dir/home/hbo/Dokumente/projektarbeit/pico_dateien/pico-sdk/lib/cyw43-driver/src/cyw43_ll.c.obj
                0x000000001000488c                cyw43_ll_wifi_ap_set_up
 .text.cyw43_ll_has_work
                0x00000000100048a8       0x12 CMakeFiles/mqtt_client.dir/home/hbo/Dokumente/projektarbeit/pico_dateien/pico-sdk/lib/cyw43-driver/src/cyw43_ll.c.obj
                0x00000000100048a8                cyw43_ll_has_work
 *fill*         0x00000000100048ba        0x2 
 .text.cyw43_netif_init
                0x00000000100048bc       0x3c CMakeFiles/mqtt_client.dir/home/hbo/Dokumente/projektarbeit/pico_dateien/pico-sdk/lib/cyw43-driver/src/cyw43_lwip.c.obj
 .text.cyw43_netif_output
                0x00000000100048f8       0x38 CMakeFiles/mqtt_client.dir/home/hbo/Dokumente/projektarbeit/pico_dateien/pico-sdk/lib/cyw43-driver/src/cyw43_lwip.c.obj
 .text.cyw43_cb_tcpip_init
                0x0000000010004930       0xc4 CMakeFiles/mqtt_client.dir/home/hbo/Dokumente/projektarbeit/pico_dateien/pico-sdk/lib/cyw43-driver/src/cyw43_lwip.c.obj
                0x0000000010004930                cyw43_cb_tcpip_init
 .text.cyw43_cb_tcpip_deinit
                0x00000000100049f4       0x44 CMakeFiles/mqtt_client.dir/home/hbo/Dokumente/projektarbeit/pico_dateien/pico-sdk/lib/cyw43-driver/src/cyw43_lwip.c.obj
                0x00000000100049f4                cyw43_cb_tcpip_deinit
 .text.cyw43_cb_process_ethernet
                0x0000000010004a38       0x74 CMakeFiles/mqtt_client.dir/home/hbo/Dokumente/projektarbeit/pico_dateien/pico-sdk/lib/cyw43-driver/src/cyw43_lwip.c.obj
                0x0000000010004a38                cyw43_cb_process_ethernet
 .text.cyw43_cb_tcpip_set_link_up
                0x0000000010004aac       0x16 CMakeFiles/mqtt_client.dir/home/hbo/Dokumente/projektarbeit/pico_dateien/pico-sdk/lib/cyw43-driver/src/cyw43_lwip.c.obj
                0x0000000010004aac                cyw43_cb_tcpip_set_link_up
 .text.cyw43_cb_tcpip_set_link_down
                0x0000000010004ac2       0x16 CMakeFiles/mqtt_client.dir/home/hbo/Dokumente/projektarbeit/pico_dateien/pico-sdk/lib/cyw43-driver/src/cyw43_lwip.c.obj
                0x0000000010004ac2                cyw43_cb_tcpip_set_link_down
 .text.cyw43_tcpip_link_status
                0x0000000010004ad8       0x3c CMakeFiles/mqtt_client.dir/home/hbo/Dokumente/projektarbeit/pico_dateien/pico-sdk/lib/cyw43-driver/src/cyw43_lwip.c.obj
                0x0000000010004ad8                cyw43_tcpip_link_status
 .text.cyw43_poll_func
                0x0000000010004b14       0xac CMakeFiles/mqtt_client.dir/home/hbo/Dokumente/projektarbeit/pico_dateien/pico-sdk/lib/cyw43-driver/src/cyw43_ctrl.c.obj
 .text.cyw43_dump_async_event
                0x0000000010004bc0       0x8c CMakeFiles/mqtt_client.dir/home/hbo/Dokumente/projektarbeit/pico_dateien/pico-sdk/lib/cyw43-driver/src/cyw43_ctrl.c.obj
 .text.cyw43_ensure_up
                0x0000000010004c4c       0xec CMakeFiles/mqtt_client.dir/home/hbo/Dokumente/projektarbeit/pico_dateien/pico-sdk/lib/cyw43-driver/src/cyw43_ctrl.c.obj
 .text.cyw43_wifi_on
                0x0000000010004d38       0x2c CMakeFiles/mqtt_client.dir/home/hbo/Dokumente/projektarbeit/pico_dateien/pico-sdk/lib/cyw43-driver/src/cyw43_ctrl.c.obj
 .text.cyw43_wifi_ap_init
                0x0000000010004d64       0x5c CMakeFiles/mqtt_client.dir/home/hbo/Dokumente/projektarbeit/pico_dateien/pico-sdk/lib/cyw43-driver/src/cyw43_ctrl.c.obj
 .text.cyw43_wifi_ap_set_up
                0x0000000010004dc0       0x28 CMakeFiles/mqtt_client.dir/home/hbo/Dokumente/projektarbeit/pico_dateien/pico-sdk/lib/cyw43-driver/src/cyw43_ctrl.c.obj
 .text.cyw43_init
                0x0000000010004de8       0x8c CMakeFiles/mqtt_client.dir/home/hbo/Dokumente/projektarbeit/pico_dateien/pico-sdk/lib/cyw43-driver/src/cyw43_ctrl.c.obj
                0x0000000010004de8                cyw43_init
 .text.cyw43_deinit
                0x0000000010004e74       0x3c CMakeFiles/mqtt_client.dir/home/hbo/Dokumente/projektarbeit/pico_dateien/pico-sdk/lib/cyw43-driver/src/cyw43_ctrl.c.obj
                0x0000000010004e74                cyw43_deinit
 .text.cyw43_cb_read_host_interrupt_pin
                0x0000000010004eb0        0xe CMakeFiles/mqtt_client.dir/home/hbo/Dokumente/projektarbeit/pico_dateien/pico-sdk/lib/cyw43-driver/src/cyw43_ctrl.c.obj
                0x0000000010004eb0                cyw43_cb_read_host_interrupt_pin
 *fill*         0x0000000010004ebe        0x2 
 .text.cyw43_cb_ensure_awake
                0x0000000010004ec0        0xc CMakeFiles/mqtt_client.dir/home/hbo/Dokumente/projektarbeit/pico_dateien/pico-sdk/lib/cyw43-driver/src/cyw43_ctrl.c.obj
                0x0000000010004ec0                cyw43_cb_ensure_awake
 .text.cyw43_cb_process_async_event
                0x0000000010004ecc      0x1d0 CMakeFiles/mqtt_client.dir/home/hbo/Dokumente/projektarbeit/pico_dateien/pico-sdk/lib/cyw43-driver/src/cyw43_ctrl.c.obj
                0x0000000010004ecc                cyw43_cb_process_async_event
 .text.cyw43_send_ethernet
                0x000000001000509c       0x3e CMakeFiles/mqtt_client.dir/home/hbo/Dokumente/projektarbeit/pico_dateien/pico-sdk/lib/cyw43-driver/src/cyw43_ctrl.c.obj
                0x000000001000509c                cyw43_send_ethernet
 .text.cyw43_wifi_pm
                0x00000000100050da       0x4a CMakeFiles/mqtt_client.dir/home/hbo/Dokumente/projektarbeit/pico_dateien/pico-sdk/lib/cyw43-driver/src/cyw43_ctrl.c.obj
                0x00000000100050da                cyw43_wifi_pm
 .text.cyw43_wifi_get_mac
                0x0000000010005124        0xe CMakeFiles/mqtt_client.dir/home/hbo/Dokumente/projektarbeit/pico_dateien/pico-sdk/lib/cyw43-driver/src/cyw43_ctrl.c.obj
                0x0000000010005124                cyw43_wifi_get_mac
 *fill*         0x0000000010005132        0x2 
 .text.cyw43_wifi_set_up
                0x0000000010005134       0x90 CMakeFiles/mqtt_client.dir/home/hbo/Dokumente/projektarbeit/pico_dateien/pico-sdk/lib/cyw43-driver/src/cyw43_ctrl.c.obj
                0x0000000010005134                cyw43_wifi_set_up
 .text.cyw43_wifi_link_status
                0x00000000100051c4       0x3a CMakeFiles/mqtt_client.dir/home/hbo/Dokumente/projektarbeit/pico_dateien/pico-sdk/lib/cyw43-driver/src/cyw43_ctrl.c.obj
                0x00000000100051c4                cyw43_wifi_link_status
 *fill*         0x00000000100051fe        0x2 
 .text.cyw43_wifi_join
                0x0000000010005200       0x7c CMakeFiles/mqtt_client.dir/home/hbo/Dokumente/projektarbeit/pico_dateien/pico-sdk/lib/cyw43-driver/src/cyw43_ctrl.c.obj
                0x0000000010005200                cyw43_wifi_join
 .text.gpio_set_function
                0x000000001000527c       0x30 CMakeFiles/mqtt_client.dir/home/hbo/Dokumente/projektarbeit/pico_dateien/pico-sdk/src/rp2_common/hardware_gpio/gpio.c.obj
                0x000000001000527c                gpio_set_function
 .text.gpio_set_pulls
                0x00000000100052ac       0x34 CMakeFiles/mqtt_client.dir/home/hbo/Dokumente/projektarbeit/pico_dateien/pico-sdk/src/rp2_common/hardware_gpio/gpio.c.obj
                0x00000000100052ac                gpio_set_pulls
 .text.gpio_set_input_hysteresis_enabled
                0x00000000100052e0       0x30 CMakeFiles/mqtt_client.dir/home/hbo/Dokumente/projektarbeit/pico_dateien/pico-sdk/src/rp2_common/hardware_gpio/gpio.c.obj
                0x00000000100052e0                gpio_set_input_hysteresis_enabled
 .text.gpio_add_raw_irq_handler_with_order_priority_masked
                0x0000000010005310       0x40 CMakeFiles/mqtt_client.dir/home/hbo/Dokumente/projektarbeit/pico_dateien/pico-sdk/src/rp2_common/hardware_gpio/gpio.c.obj
                0x0000000010005310                gpio_add_raw_irq_handler_with_order_priority_masked
 .text.gpio_remove_raw_irq_handler_masked
                0x0000000010005350       0x48 CMakeFiles/mqtt_client.dir/home/hbo/Dokumente/projektarbeit/pico_dateien/pico-sdk/src/rp2_common/hardware_gpio/gpio.c.obj
                0x0000000010005350                gpio_remove_raw_irq_handler_masked
 .text.gpio_acknowledge_irq
                0x0000000010005398       0x18 CMakeFiles/mqtt_client.dir/home/hbo/Dokumente/projektarbeit/pico_dateien/pico-sdk/src/rp2_common/hardware_gpio/gpio.c.obj
                0x0000000010005398                gpio_acknowledge_irq
 .text._gpio_set_irq_enabled
                0x00000000100053b0       0x34 CMakeFiles/mqtt_client.dir/home/hbo/Dokumente/projektarbeit/pico_dateien/pico-sdk/src/rp2_common/hardware_gpio/gpio.c.obj
 .text.gpio_set_irq_enabled
                0x00000000100053e4       0x20 CMakeFiles/mqtt_client.dir/home/hbo/Dokumente/projektarbeit/pico_dateien/pico-sdk/src/rp2_common/hardware_gpio/gpio.c.obj
                0x00000000100053e4                gpio_set_irq_enabled
 .text.gpio_init
                0x0000000010005404       0x16 CMakeFiles/mqtt_client.dir/home/hbo/Dokumente/projektarbeit/pico_dateien/pico-sdk/src/rp2_common/hardware_gpio/gpio.c.obj
                0x0000000010005404                gpio_init
 *fill*         0x000000001000541a        0x2 
 .text.set_raw_irq_handler_and_unlock
                0x000000001000541c       0x28 CMakeFiles/mqtt_client.dir/home/hbo/Dokumente/projektarbeit/pico_dateien/pico-sdk/src/rp2_common/hardware_irq/irq.c.obj
 .text.get_user_irq_claim_index
                0x0000000010005444        0x6 CMakeFiles/mqtt_client.dir/home/hbo/Dokumente/projektarbeit/pico_dateien/pico-sdk/src/rp2_common/hardware_irq/irq.c.obj
 *fill*         0x000000001000544a        0x2 
 .text.make_branch
                0x000000001000544c       0x48 CMakeFiles/mqtt_client.dir/home/hbo/Dokumente/projektarbeit/pico_dateien/pico-sdk/src/rp2_common/hardware_irq/irq.c.obj
 .text.insert_branch_and_link
                0x0000000010005494       0x40 CMakeFiles/mqtt_client.dir/home/hbo/Dokumente/projektarbeit/pico_dateien/pico-sdk/src/rp2_common/hardware_irq/irq.c.obj
 .text.irq_is_enabled
                0x00000000100054d4       0x18 CMakeFiles/mqtt_client.dir/home/hbo/Dokumente/projektarbeit/pico_dateien/pico-sdk/src/rp2_common/hardware_irq/irq.c.obj
                0x00000000100054d4                irq_is_enabled
 .text.irq_set_mask_enabled
                0x00000000100054ec       0x20 CMakeFiles/mqtt_client.dir/home/hbo/Dokumente/projektarbeit/pico_dateien/pico-sdk/src/rp2_common/hardware_irq/irq.c.obj
                0x00000000100054ec                irq_set_mask_enabled
 .text.irq_set_enabled
                0x000000001000550c        0xe CMakeFiles/mqtt_client.dir/home/hbo/Dokumente/projektarbeit/pico_dateien/pico-sdk/src/rp2_common/hardware_irq/irq.c.obj
                0x000000001000550c                irq_set_enabled
 *fill*         0x000000001000551a        0x2 
 .text.irq_set_pending
                0x000000001000551c       0x10 CMakeFiles/mqtt_client.dir/home/hbo/Dokumente/projektarbeit/pico_dateien/pico-sdk/src/rp2_common/hardware_irq/irq.c.obj
                0x000000001000551c                irq_set_pending
 .text.irq_get_vtable_handler
                0x000000001000552c       0x10 CMakeFiles/mqtt_client.dir/home/hbo/Dokumente/projektarbeit/pico_dateien/pico-sdk/src/rp2_common/hardware_irq/irq.c.obj
                0x000000001000552c                irq_get_vtable_handler
 .text.irq_has_shared_handler
                0x000000001000553c       0x24 CMakeFiles/mqtt_client.dir/home/hbo/Dokumente/projektarbeit/pico_dateien/pico-sdk/src/rp2_common/hardware_irq/irq.c.obj
                0x000000001000553c                irq_has_shared_handler
 .text.irq_set_exclusive_handler
                0x0000000010005560       0x54 CMakeFiles/mqtt_client.dir/home/hbo/Dokumente/projektarbeit/pico_dateien/pico-sdk/src/rp2_common/hardware_irq/irq.c.obj
                0x0000000010005560                irq_set_exclusive_handler
 .text.irq_add_shared_handler
                0x00000000100055b4      0x234 CMakeFiles/mqtt_client.dir/home/hbo/Dokumente/projektarbeit/pico_dateien/pico-sdk/src/rp2_common/hardware_irq/irq.c.obj
                0x00000000100055b4                irq_add_shared_handler
 .text.irq_remove_handler
                0x00000000100057e8      0x1ac CMakeFiles/mqtt_client.dir/home/hbo/Dokumente/projektarbeit/pico_dateien/pico-sdk/src/rp2_common/hardware_irq/irq.c.obj
                0x00000000100057e8                irq_remove_handler
 .text.irq_set_priority
                0x0000000010005994       0x28 CMakeFiles/mqtt_client.dir/home/hbo/Dokumente/projektarbeit/pico_dateien/pico-sdk/src/rp2_common/hardware_irq/irq.c.obj
                0x0000000010005994                irq_set_priority
 .text.irq_add_tail_to_free_list
                0x00000000100059bc       0xf0 CMakeFiles/mqtt_client.dir/home/hbo/Dokumente/projektarbeit/pico_dateien/pico-sdk/src/rp2_common/hardware_irq/irq.c.obj
                0x00000000100059bc                irq_add_tail_to_free_list
 .text.irq_init_priorities
                0x0000000010005aac       0x1c CMakeFiles/mqtt_client.dir/home/hbo/Dokumente/projektarbeit/pico_dateien/pico-sdk/src/rp2_common/hardware_irq/irq.c.obj
                0x0000000010005aac                irq_init_priorities
 .text.user_irq_unclaim
                0x0000000010005ac8       0x1c CMakeFiles/mqtt_client.dir/home/hbo/Dokumente/projektarbeit/pico_dateien/pico-sdk/src/rp2_common/hardware_irq/irq.c.obj
                0x0000000010005ac8                user_irq_unclaim
 .text.user_irq_claim_unused
                0x0000000010005ae4       0x30 CMakeFiles/mqtt_client.dir/home/hbo/Dokumente/projektarbeit/pico_dateien/pico-sdk/src/rp2_common/hardware_irq/irq.c.obj
                0x0000000010005ae4                user_irq_claim_unused
 .text.sem_init
                0x0000000010005b14       0x1e CMakeFiles/mqtt_client.dir/home/hbo/Dokumente/projektarbeit/pico_dateien/pico-sdk/src/common/pico_sync/sem.c.obj
                0x0000000010005b14                sem_init
 *fill*         0x0000000010005b32        0x2 
 .text.lock_init
                0x0000000010005b34       0x10 CMakeFiles/mqtt_client.dir/home/hbo/Dokumente/projektarbeit/pico_dateien/pico-sdk/src/common/pico_sync/lock_core.c.obj
                0x0000000010005b34                lock_init
 .text.alarm_pool_post_alloc_init
                0x0000000010005b44       0x48 CMakeFiles/mqtt_client.dir/home/hbo/Dokumente/projektarbeit/pico_dateien/pico-sdk/src/common/pico_time/time.c.obj
 .text.sleep_until_callback
                0x0000000010005b8c       0x30 CMakeFiles/mqtt_client.dir/home/hbo/Dokumente/projektarbeit/pico_dateien/pico-sdk/src/common/pico_time/time.c.obj
 .text.timer_pool_entry_comparator
                0x0000000010005bbc       0x7c CMakeFiles/mqtt_client.dir/home/hbo/Dokumente/projektarbeit/pico_dateien/pico-sdk/src/common/pico_time/time.c.obj
                0x0000000010005bbc                timer_pool_entry_comparator
 .text.ph_add_child_node
                0x0000000010005c38       0xa4 CMakeFiles/mqtt_client.dir/home/hbo/Dokumente/projektarbeit/pico_dateien/pico-sdk/src/common/pico_time/time.c.obj
 .text.ph_merge_nodes
                0x0000000010005cdc       0x3e CMakeFiles/mqtt_client.dir/home/hbo/Dokumente/projektarbeit/pico_dateien/pico-sdk/src/common/pico_time/time.c.obj
 *fill*         0x0000000010005d1a        0x2 
 .text.add_alarm_under_lock
                0x0000000010005d1c      0x174 CMakeFiles/mqtt_client.dir/home/hbo/Dokumente/projektarbeit/pico_dateien/pico-sdk/src/common/pico_time/time.c.obj
 .text.alarm_pool_alarm_callback
                0x0000000010005e90      0x31c CMakeFiles/mqtt_client.dir/home/hbo/Dokumente/projektarbeit/pico_dateien/pico-sdk/src/common/pico_time/time.c.obj
 .text.alarm_pool_init_default
                0x00000000100061ac       0x38 CMakeFiles/mqtt_client.dir/home/hbo/Dokumente/projektarbeit/pico_dateien/pico-sdk/src/common/pico_time/time.c.obj
                0x00000000100061ac                alarm_pool_init_default
 .text.alarm_pool_get_default
                0x00000000100061e4       0x2c CMakeFiles/mqtt_client.dir/home/hbo/Dokumente/projektarbeit/pico_dateien/pico-sdk/src/common/pico_time/time.c.obj
                0x00000000100061e4                alarm_pool_get_default
 .text.alarm_pool_add_alarm_at
                0x0000000010006210      0x168 CMakeFiles/mqtt_client.dir/home/hbo/Dokumente/projektarbeit/pico_dateien/pico-sdk/src/common/pico_time/time.c.obj
                0x0000000010006210                alarm_pool_add_alarm_at
 .text.alarm_pool_cancel_alarm
                0x0000000010006378       0xf0 CMakeFiles/mqtt_client.dir/home/hbo/Dokumente/projektarbeit/pico_dateien/pico-sdk/src/common/pico_time/time.c.obj
                0x0000000010006378                alarm_pool_cancel_alarm
 .text.alarm_pool_core_num
                0x0000000010006468        0x4 CMakeFiles/mqtt_client.dir/home/hbo/Dokumente/projektarbeit/pico_dateien/pico-sdk/src/common/pico_time/time.c.obj
                0x0000000010006468                alarm_pool_core_num
 .text.sleep_until
                0x000000001000646c       0xfc CMakeFiles/mqtt_client.dir/home/hbo/Dokumente/projektarbeit/pico_dateien/pico-sdk/src/common/pico_time/time.c.obj
                0x000000001000646c                sleep_until
 .text.sleep_us
                0x0000000010006568       0x58 CMakeFiles/mqtt_client.dir/home/hbo/Dokumente/projektarbeit/pico_dateien/pico-sdk/src/common/pico_time/time.c.obj
                0x0000000010006568                sleep_us
 .text.sleep_ms
                0x00000000100065c0       0x14 CMakeFiles/mqtt_client.dir/home/hbo/Dokumente/projektarbeit/pico_dateien/pico-sdk/src/common/pico_time/time.c.obj
                0x00000000100065c0                sleep_ms
 .text.best_effort_wfe_or_timeout
                0x00000000100065d4       0x80 CMakeFiles/mqtt_client.dir/home/hbo/Dokumente/projektarbeit/pico_dateien/pico-sdk/src/common/pico_time/time.c.obj
                0x00000000100065d4                best_effort_wfe_or_timeout
 .text.hardware_alarm_irq_handler
                0x0000000010006654       0x8c CMakeFiles/mqtt_client.dir/home/hbo/Dokumente/projektarbeit/pico_dateien/pico-sdk/src/rp2_common/hardware_timer/timer.c.obj
 .text.hardware_alarm_claim
                0x00000000100066e0       0x18 CMakeFiles/mqtt_client.dir/home/hbo/Dokumente/projektarbeit/pico_dateien/pico-sdk/src/rp2_common/hardware_timer/timer.c.obj
                0x00000000100066e0                hardware_alarm_claim
 .text.time_us_64
                0x00000000100066f8       0x18 CMakeFiles/mqtt_client.dir/home/hbo/Dokumente/projektarbeit/pico_dateien/pico-sdk/src/rp2_common/hardware_timer/timer.c.obj
                0x00000000100066f8                time_us_64
 .text.busy_wait_until
                0x0000000010006710       0x28 CMakeFiles/mqtt_client.dir/home/hbo/Dokumente/projektarbeit/pico_dateien/pico-sdk/src/rp2_common/hardware_timer/timer.c.obj
                0x0000000010006710                busy_wait_until
 .text.hardware_alarm_set_callback
                0x0000000010006738       0x90 CMakeFiles/mqtt_client.dir/home/hbo/Dokumente/projektarbeit/pico_dateien/pico-sdk/src/rp2_common/hardware_timer/timer.c.obj
                0x0000000010006738                hardware_alarm_set_callback
 .text.hardware_alarm_set_target
                0x00000000100067c8       0xe8 CMakeFiles/mqtt_client.dir/home/hbo/Dokumente/projektarbeit/pico_dateien/pico-sdk/src/rp2_common/hardware_timer/timer.c.obj
                0x00000000100067c8                hardware_alarm_set_target
 .text.hardware_alarm_cancel
                0x00000000100068b0       0x40 CMakeFiles/mqtt_client.dir/home/hbo/Dokumente/projektarbeit/pico_dateien/pico-sdk/src/rp2_common/hardware_timer/timer.c.obj
                0x00000000100068b0                hardware_alarm_cancel
 .text.ph_add_child_node
                0x00000000100068f0       0xa4 CMakeFiles/mqtt_client.dir/home/hbo/Dokumente/projektarbeit/pico_dateien/pico-sdk/src/common/pico_util/pheap.c.obj
 .text.ph_merge_nodes
                0x0000000010006994       0x3e CMakeFiles/mqtt_client.dir/home/hbo/Dokumente/projektarbeit/pico_dateien/pico-sdk/src/common/pico_util/pheap.c.obj
 *fill*         0x00000000100069d2        0x2 
 .text.ph_clear
                0x00000000100069d4       0x70 CMakeFiles/mqtt_client.dir/home/hbo/Dokumente/projektarbeit/pico_dateien/pico-sdk/src/common/pico_util/pheap.c.obj
                0x00000000100069d4                ph_clear
 .text.ph_post_alloc_init
                0x0000000010006a44        0xe CMakeFiles/mqtt_client.dir/home/hbo/Dokumente/projektarbeit/pico_dateien/pico-sdk/src/common/pico_util/pheap.c.obj
                0x0000000010006a44                ph_post_alloc_init
 *fill*         0x0000000010006a52        0x2 
 .text.ph_merge_two_pass
                0x0000000010006a54       0xa8 CMakeFiles/mqtt_client.dir/home/hbo/Dokumente/projektarbeit/pico_dateien/pico-sdk/src/common/pico_util/pheap.c.obj
                0x0000000010006a54                ph_merge_two_pass
 .text.ph_remove_any_head
                0x0000000010006afc      0x108 CMakeFiles/mqtt_client.dir/home/hbo/Dokumente/projektarbeit/pico_dateien/pico-sdk/src/common/pico_util/pheap.c.obj
 .text.ph_remove_head
                0x0000000010006c04       0x14 CMakeFiles/mqtt_client.dir/home/hbo/Dokumente/projektarbeit/pico_dateien/pico-sdk/src/common/pico_util/pheap.c.obj
                0x0000000010006c04                ph_remove_head
 .text.ph_remove_and_free_node
                0x0000000010006c18       0xf8 CMakeFiles/mqtt_client.dir/home/hbo/Dokumente/projektarbeit/pico_dateien/pico-sdk/src/common/pico_util/pheap.c.obj
                0x0000000010006c18                ph_remove_and_free_node
 .text.mutex_init
                0x0000000010006d10       0x1a CMakeFiles/mqtt_client.dir/home/hbo/Dokumente/projektarbeit/pico_dateien/pico-sdk/src/common/pico_sync/mutex.c.obj
                0x0000000010006d10                mutex_init
 .text.recursive_mutex_init
                0x0000000010006d2a       0x1e CMakeFiles/mqtt_client.dir/home/hbo/Dokumente/projektarbeit/pico_dateien/pico-sdk/src/common/pico_sync/mutex.c.obj
                0x0000000010006d2a                recursive_mutex_init
 .text.critical_section_init_with_lock_num
                0x0000000010006d48       0x14 CMakeFiles/mqtt_client.dir/home/hbo/Dokumente/projektarbeit/pico_dateien/pico-sdk/src/common/pico_sync/critical_section.c.obj
                0x0000000010006d48                critical_section_init_with_lock_num
 .text.critical_section_init
                0x0000000010006d5c       0x14 CMakeFiles/mqtt_client.dir/home/hbo/Dokumente/projektarbeit/pico_dateien/pico-sdk/src/common/pico_sync/critical_section.c.obj
                0x0000000010006d5c                critical_section_init
 .text.uart_set_baudrate
                0x0000000010006d70       0x5c CMakeFiles/mqtt_client.dir/home/hbo/Dokumente/projektarbeit/pico_dateien/pico-sdk/src/rp2_common/hardware_uart/uart.c.obj
                0x0000000010006d70                uart_set_baudrate
 .text.uart_set_translate_crlf
                0x0000000010006dcc       0x28 CMakeFiles/mqtt_client.dir/home/hbo/Dokumente/projektarbeit/pico_dateien/pico-sdk/src/rp2_common/hardware_uart/uart.c.obj
                0x0000000010006dcc                uart_set_translate_crlf
 .text.uart_init
                0x0000000010006df4       0x80 CMakeFiles/mqtt_client.dir/home/hbo/Dokumente/projektarbeit/pico_dateien/pico-sdk/src/rp2_common/hardware_uart/uart.c.obj
                0x0000000010006df4                uart_init
 .text._exit    0x0000000010006e74        0x4 CMakeFiles/mqtt_client.dir/home/hbo/Dokumente/projektarbeit/pico_dateien/pico-sdk/src/rp2_common/pico_runtime/runtime.c.obj
                0x0000000010006e74                _exit
 .text.exit     0x0000000010006e78        0x6 CMakeFiles/mqtt_client.dir/home/hbo/Dokumente/projektarbeit/pico_dateien/pico-sdk/src/rp2_common/pico_runtime/runtime.c.obj
                0x0000000010006e78                exit
 *fill*         0x0000000010006e7e        0x2 
 .text.__assert_func
                0x0000000010006e80       0x3c CMakeFiles/mqtt_client.dir/home/hbo/Dokumente/projektarbeit/pico_dateien/pico-sdk/src/rp2_common/pico_runtime/runtime.c.obj
                0x0000000010006e80                __assert_func
 .text.runtime_init
                0x0000000010006ebc       0xf8 CMakeFiles/mqtt_client.dir/home/hbo/Dokumente/projektarbeit/pico_dateien/pico-sdk/src/rp2_common/pico_runtime/runtime.c.obj
                0x0000000010006ebc                runtime_init
 .text.panic    0x0000000010006fb4       0x30 CMakeFiles/mqtt_client.dir/home/hbo/Dokumente/projektarbeit/pico_dateien/pico-sdk/src/rp2_common/pico_runtime/runtime.c.obj
                0x0000000010006fb4                panic
 .text.panic_unsupported
                0x0000000010006fe4        0xc CMakeFiles/mqtt_client.dir/home/hbo/Dokumente/projektarbeit/pico_dateien/pico-sdk/src/rp2_common/pico_runtime/runtime.c.obj
                0x0000000010006fe4                panic_unsupported
 .text.clock_configure
                0x0000000010006ff0      0x104 CMakeFiles/mqtt_client.dir/home/hbo/Dokumente/projektarbeit/pico_dateien/pico-sdk/src/rp2_common/hardware_clocks/clocks.c.obj
                0x0000000010006ff0                clock_configure
 .text.clocks_init
                0x00000000100070f4      0x100 CMakeFiles/mqtt_client.dir/home/hbo/Dokumente/projektarbeit/pico_dateien/pico-sdk/src/rp2_common/hardware_clocks/clocks.c.obj
                0x00000000100070f4                clocks_init
 .text.clock_get_hz
                0x00000000100071f4        0xc CMakeFiles/mqtt_client.dir/home/hbo/Dokumente/projektarbeit/pico_dateien/pico-sdk/src/rp2_common/hardware_clocks/clocks.c.obj
                0x00000000100071f4                clock_get_hz
 .text.pll_init
                0x0000000010007200      0x140 CMakeFiles/mqtt_client.dir/home/hbo/Dokumente/projektarbeit/pico_dateien/pico-sdk/src/rp2_common/hardware_pll/pll.c.obj
                0x0000000010007200                pll_init
 .text.watchdog_start_tick
                0x0000000010007340       0x10 CMakeFiles/mqtt_client.dir/home/hbo/Dokumente/projektarbeit/pico_dateien/pico-sdk/src/rp2_common/hardware_watchdog/watchdog.c.obj
                0x0000000010007340                watchdog_start_tick
 .text.watchdog_update
                0x0000000010007350       0x14 CMakeFiles/mqtt_client.dir/home/hbo/Dokumente/projektarbeit/pico_dateien/pico-sdk/src/rp2_common/hardware_watchdog/watchdog.c.obj
                0x0000000010007350                watchdog_update
 .text._watchdog_enable
                0x0000000010007364       0x78 CMakeFiles/mqtt_client.dir/home/hbo/Dokumente/projektarbeit/pico_dateien/pico-sdk/src/rp2_common/hardware_watchdog/watchdog.c.obj
                0x0000000010007364                _watchdog_enable
 .text.watchdog_reboot
                0x00000000100073dc       0x48 CMakeFiles/mqtt_client.dir/home/hbo/Dokumente/projektarbeit/pico_dateien/pico-sdk/src/rp2_common/hardware_watchdog/watchdog.c.obj
                0x00000000100073dc                watchdog_reboot
 .text.xosc_init
                0x0000000010007424       0x28 CMakeFiles/mqtt_client.dir/home/hbo/Dokumente/projektarbeit/pico_dateien/pico-sdk/src/rp2_common/hardware_xosc/xosc.c.obj
                0x0000000010007424                xosc_init
 .text._out_null
                0x000000001000744c        0x2 CMakeFiles/mqtt_client.dir/home/hbo/Dokumente/projektarbeit/pico_dateien/pico-sdk/src/rp2_common/pico_printf/printf.c.obj
 .text._out_fct
                0x000000001000744e        0xe CMakeFiles/mqtt_client.dir/home/hbo/Dokumente/projektarbeit/pico_dateien/pico-sdk/src/rp2_common/pico_printf/printf.c.obj
 .text._atoi    0x000000001000745c       0x24 CMakeFiles/mqtt_client.dir/home/hbo/Dokumente/projektarbeit/pico_dateien/pico-sdk/src/rp2_common/pico_printf/printf.c.obj
 .text._out_rev
                0x0000000010007480       0xae CMakeFiles/mqtt_client.dir/home/hbo/Dokumente/projektarbeit/pico_dateien/pico-sdk/src/rp2_common/pico_printf/printf.c.obj
 .text._ntoa_format
                0x000000001000752e      0x112 CMakeFiles/mqtt_client.dir/home/hbo/Dokumente/projektarbeit/pico_dateien/pico-sdk/src/rp2_common/pico_printf/printf.c.obj
 .text._ntoa_long
                0x0000000010007640       0xbc CMakeFiles/mqtt_client.dir/home/hbo/Dokumente/projektarbeit/pico_dateien/pico-sdk/src/rp2_common/pico_printf/printf.c.obj
 .text._ntoa_long_long
                0x00000000100076fc       0xe2 CMakeFiles/mqtt_client.dir/home/hbo/Dokumente/projektarbeit/pico_dateien/pico-sdk/src/rp2_common/pico_printf/printf.c.obj
 *fill*         0x00000000100077de        0x2 
 .text._etoa    0x00000000100077e0      0x414 CMakeFiles/mqtt_client.dir/home/hbo/Dokumente/projektarbeit/pico_dateien/pico-sdk/src/rp2_common/pico_printf/printf.c.obj
 .text._ftoa    0x0000000010007bf4      0x354 CMakeFiles/mqtt_client.dir/home/hbo/Dokumente/projektarbeit/pico_dateien/pico-sdk/src/rp2_common/pico_printf/printf.c.obj
 .text._vsnprintf
                0x0000000010007f48      0x624 CMakeFiles/mqtt_client.dir/home/hbo/Dokumente/projektarbeit/pico_dateien/pico-sdk/src/rp2_common/pico_printf/printf.c.obj
 .text.vfctprintf
                0x000000001000856c       0x20 CMakeFiles/mqtt_client.dir/home/hbo/Dokumente/projektarbeit/pico_dateien/pico-sdk/src/rp2_common/pico_printf/printf.c.obj
                0x000000001000856c                vfctprintf
 .text          0x000000001000858c       0x10 CMakeFiles/mqtt_client.dir/home/hbo/Dokumente/projektarbeit/pico_dateien/pico-sdk/src/rp2_common/pico_bit_ops/bit_ops_aeabi.S.obj
 .text.ctzsi    0x000000001000859c        0xc CMakeFiles/mqtt_client.dir/home/hbo/Dokumente/projektarbeit/pico_dateien/pico-sdk/src/rp2_common/pico_bit_ops/bit_ops_aeabi.S.obj
                0x000000001000859c                __wrap___ctzsi2
 .text.__wrap___aeabi_idiv
                0x00000000100085a8       0x50 CMakeFiles/mqtt_client.dir/home/hbo/Dokumente/projektarbeit/pico_dateien/pico-sdk/src/rp2_common/pico_divider/divider.S.obj
                0x00000000100085a8                __wrap___aeabi_idivmod
                0x00000000100085a8                divmod_s32s32
                0x00000000100085a8                div_s32s32
                0x00000000100085a8                __wrap___aeabi_idiv
                0x00000000100085b0                divmod_s32s32_unsafe
                0x00000000100085dc                divmod_s32s32_savestate
 .text.__wrap___aeabi_uidiv
                0x00000000100085f8       0x4c CMakeFiles/mqtt_client.dir/home/hbo/Dokumente/projektarbeit/pico_dateien/pico-sdk/src/rp2_common/pico_divider/divider.S.obj
                0x00000000100085f8                __wrap___aeabi_uidiv
                0x00000000100085f8                __wrap___aeabi_uidivmod
                0x00000000100085f8                div_u32u32
                0x00000000100085f8                divmod_u32u32
                0x0000000010008600                divmod_u32u32_unsafe
                0x0000000010008628                divmod_u32u32_savestate
 .text.__wrap___aeabi_ldiv
                0x0000000010008644      0x424 CMakeFiles/mqtt_client.dir/home/hbo/Dokumente/projektarbeit/pico_dateien/pico-sdk/src/rp2_common/pico_divider/divider.S.obj
                0x0000000010008644                div_s64s64
                0x0000000010008644                divmod_s64s64
                0x0000000010008644                __wrap___aeabi_ldivmod
                0x0000000010008674                div_u64u64
                0x0000000010008674                divmod_u64u64
                0x0000000010008674                __wrap___aeabi_uldivmod
                0x0000000010008684                divmod_u64u64_savestate
                0x00000000100086a4                divmod_s64s64_unsafe
                0x000000001000872c                divmod_u64u64_unsafe
 .text.__wrap___aeabi_darithmetic
                0x0000000010008a68       0x60 CMakeFiles/mqtt_client.dir/home/hbo/Dokumente/projektarbeit/pico_dateien/pico-sdk/src/rp2_common/pico_double/double_aeabi.S.obj
                0x0000000010008a68                __wrap___aeabi_drsub
                0x0000000010008a6e                __wrap___aeabi_dsub
                0x0000000010008a78                __wrap___aeabi_dadd
                0x0000000010008a82                __wrap___aeabi_ddiv
                0x0000000010008ab6                __wrap___aeabi_dmul
 .text.__wrap___aeabi_cdcmple
                0x0000000010008ac8       0x6c CMakeFiles/mqtt_client.dir/home/hbo/Dokumente/projektarbeit/pico_dateien/pico-sdk/src/rp2_common/pico_double/double_aeabi.S.obj
                0x0000000010008ac8                __wrap___aeabi_cdrcmple
                0x0000000010008ad8                __wrap___aeabi_cdcmple
                0x0000000010008ad8                __wrap___aeabi_cdcmpeq
 .text.__wrap___aeabi_dcmplt
                0x0000000010008b34        0xc CMakeFiles/mqtt_client.dir/home/hbo/Dokumente/projektarbeit/pico_dateien/pico-sdk/src/rp2_common/pico_double/double_aeabi.S.obj
                0x0000000010008b34                __wrap___aeabi_dcmplt
 .text.__wrap___aeabi_dcmple
                0x0000000010008b40       0x10 CMakeFiles/mqtt_client.dir/home/hbo/Dokumente/projektarbeit/pico_dateien/pico-sdk/src/rp2_common/pico_double/double_aeabi.S.obj
                0x0000000010008b40                __wrap___aeabi_dcmple
 .text.__wrap___aeabi_dcmpge
                0x0000000010008b50       0x10 CMakeFiles/mqtt_client.dir/home/hbo/Dokumente/projektarbeit/pico_dateien/pico-sdk/src/rp2_common/pico_double/double_aeabi.S.obj
                0x0000000010008b50                __wrap___aeabi_dcmpge
 .text.__wrap___aeabi_dcmpgt
                0x0000000010008b60        0xa CMakeFiles/mqtt_client.dir/home/hbo/Dokumente/projektarbeit/pico_dateien/pico-sdk/src/rp2_common/pico_double/double_aeabi.S.obj
                0x0000000010008b60                __wrap___aeabi_dcmpgt
 .text.__wrap___aeabi_dcmpun
                0x0000000010008b6a       0x1c CMakeFiles/mqtt_client.dir/home/hbo/Dokumente/projektarbeit/pico_dateien/pico-sdk/src/rp2_common/pico_double/double_aeabi.S.obj
                0x0000000010008b6a                __wrap___aeabi_dcmpun
 *fill*         0x0000000010008b86        0x2 
 .text.__wrap___aeabi_i2d
                0x0000000010008b88       0x38 CMakeFiles/mqtt_client.dir/home/hbo/Dokumente/projektarbeit/pico_dateien/pico-sdk/src/rp2_common/pico_double/double_aeabi.S.obj
                0x0000000010008b88                __wrap___aeabi_ui2d
                0x0000000010008b90                __wrap___aeabi_i2d
 .text.__wrap___aeabi_d2iz
                0x0000000010008bc0       0x48 CMakeFiles/mqtt_client.dir/home/hbo/Dokumente/projektarbeit/pico_dateien/pico-sdk/src/rp2_common/pico_double/double_aeabi.S.obj
                0x0000000010008bc0                __wrap___aeabi_d2iz
                0x0000000010008bc0                double2int_z
 .text.__wrap___aeabi_d2uiz
                0x0000000010008c08       0x10 CMakeFiles/mqtt_client.dir/home/hbo/Dokumente/projektarbeit/pico_dateien/pico-sdk/src/rp2_common/pico_double/double_aeabi.S.obj
                0x0000000010008c08                double2uint
                0x0000000010008c08                __wrap___aeabi_d2uiz
 .text.missing_double_func_shim
                0x0000000010008c18        0xc CMakeFiles/mqtt_client.dir/home/hbo/Dokumente/projektarbeit/pico_dateien/pico-sdk/src/rp2_common/pico_double/double_init_rom.c.obj
 .text.__aeabi_double_init
                0x0000000010008c24       0xcc CMakeFiles/mqtt_client.dir/home/hbo/Dokumente/projektarbeit/pico_dateien/pico-sdk/src/rp2_common/pico_double/double_init_rom.c.obj
                0x0000000010008c24                __aeabi_double_init
 .text.double_table_shim_on_use_helper
                0x0000000010008cf0       0x34 CMakeFiles/mqtt_client.dir/home/hbo/Dokumente/projektarbeit/pico_dateien/pico-sdk/src/rp2_common/pico_double/double_v1_rom_shim.S.obj
                0x0000000010008cf0                double_table_shim_on_use_helper
 .text.__aeabi_lmul
                0x0000000010008d24       0x32 CMakeFiles/mqtt_client.dir/home/hbo/Dokumente/projektarbeit/pico_dateien/pico-sdk/src/rp2_common/pico_int64_ops/pico_int64_ops_aeabi.S.obj
                0x0000000010008d24                __wrap___aeabi_lmul
 *fill*         0x0000000010008d56        0x2 
 .text.missing_float_func_shim
                0x0000000010008d58        0xc CMakeFiles/mqtt_client.dir/home/hbo/Dokumente/projektarbeit/pico_dateien/pico-sdk/src/rp2_common/pico_float/float_init_rom.c.obj
 .text.__aeabi_float_init
                0x0000000010008d64       0x88 CMakeFiles/mqtt_client.dir/home/hbo/Dokumente/projektarbeit/pico_dateien/pico-sdk/src/rp2_common/pico_float/float_init_rom.c.obj
                0x0000000010008d64                __aeabi_float_init
 .text          0x0000000010008dec       0x10 CMakeFiles/mqtt_client.dir/home/hbo/Dokumente/projektarbeit/pico_dateien/pico-sdk/src/rp2_common/pico_mem_ops/mem_ops_aeabi.S.obj
                0x0000000010008dec                __aeabi_mem_init
 .text.memset   0x0000000010008dfc        0xc CMakeFiles/mqtt_client.dir/home/hbo/Dokumente/projektarbeit/pico_dateien/pico-sdk/src/rp2_common/pico_mem_ops/mem_ops_aeabi.S.obj
                0x0000000010008dfc                __wrap_memset
 .text.memcpy   0x0000000010008e08        0xc CMakeFiles/mqtt_client.dir/home/hbo/Dokumente/projektarbeit/pico_dateien/pico-sdk/src/rp2_common/pico_mem_ops/mem_ops_aeabi.S.obj
                0x0000000010008e08                __wrap___aeabi_memcpy
                0x0000000010008e08                __wrap_memcpy
 .text.stdio_out_chars_no_crlf
                0x0000000010008e14        0xe CMakeFiles/mqtt_client.dir/home/hbo/Dokumente/projektarbeit/pico_dateien/pico-sdk/src/rp2_common/pico_stdio/stdio.c.obj
 *fill*         0x0000000010008e22        0x2 
 .text.stdio_out_chars_crlf
                0x0000000010008e24       0x80 CMakeFiles/mqtt_client.dir/home/hbo/Dokumente/projektarbeit/pico_dateien/pico-sdk/src/rp2_common/pico_stdio/stdio.c.obj
 .text.stdio_stack_buffer_flush
                0x0000000010008ea4       0x44 CMakeFiles/mqtt_client.dir/home/hbo/Dokumente/projektarbeit/pico_dateien/pico-sdk/src/rp2_common/pico_stdio/stdio.c.obj
 .text.stdio_buffered_printer
                0x0000000010008ee8       0x20 CMakeFiles/mqtt_client.dir/home/hbo/Dokumente/projektarbeit/pico_dateien/pico-sdk/src/rp2_common/pico_stdio/stdio.c.obj
 .text.stdout_serialize_begin
                0x0000000010008f08       0x30 CMakeFiles/mqtt_client.dir/home/hbo/Dokumente/projektarbeit/pico_dateien/pico-sdk/src/rp2_common/pico_stdio/stdio.c.obj
                0x0000000010008f08                stdout_serialize_begin
 .text.stdout_serialize_end
                0x0000000010008f38       0x10 CMakeFiles/mqtt_client.dir/home/hbo/Dokumente/projektarbeit/pico_dateien/pico-sdk/src/rp2_common/pico_stdio/stdio.c.obj
                0x0000000010008f38                stdout_serialize_end
 .text.stdio_put_string
                0x0000000010008f48       0x98 CMakeFiles/mqtt_client.dir/home/hbo/Dokumente/projektarbeit/pico_dateien/pico-sdk/src/rp2_common/pico_stdio/stdio.c.obj
 .text.stdio_set_driver_enabled
                0x0000000010008fe0       0x2c CMakeFiles/mqtt_client.dir/home/hbo/Dokumente/projektarbeit/pico_dateien/pico-sdk/src/rp2_common/pico_stdio/stdio.c.obj
                0x0000000010008fe0                stdio_set_driver_enabled
 .text.stdio_flush
                0x000000001000900c       0x20 CMakeFiles/mqtt_client.dir/home/hbo/Dokumente/projektarbeit/pico_dateien/pico-sdk/src/rp2_common/pico_stdio/stdio.c.obj
                0x000000001000900c                stdio_flush
 .text.__wrap_puts
                0x000000001000902c       0x1e CMakeFiles/mqtt_client.dir/home/hbo/Dokumente/projektarbeit/pico_dateien/pico-sdk/src/rp2_common/pico_stdio/stdio.c.obj
                0x000000001000902c                __wrap_puts
 *fill*         0x000000001000904a        0x2 
 .text.__wrap_vprintf
                0x000000001000904c       0x40 CMakeFiles/mqtt_client.dir/home/hbo/Dokumente/projektarbeit/pico_dateien/pico-sdk/src/rp2_common/pico_stdio/stdio.c.obj
                0x000000001000904c                __wrap_vprintf
 .text.__wrap_printf
                0x000000001000908c       0x18 CMakeFiles/mqtt_client.dir/home/hbo/Dokumente/projektarbeit/pico_dateien/pico-sdk/src/rp2_common/pico_stdio/stdio.c.obj
                0x000000001000908c                __wrap_printf
 .text.stdio_init_all
                0x00000000100090a4        0xe CMakeFiles/mqtt_client.dir/home/hbo/Dokumente/projektarbeit/pico_dateien/pico-sdk/src/rp2_common/pico_stdio/stdio.c.obj
                0x00000000100090a4                stdio_init_all
 *fill*         0x00000000100090b2        0x2 
 .text.stdio_uart_out_chars
                0x00000000100090b4       0x74 CMakeFiles/mqtt_client.dir/home/hbo/Dokumente/projektarbeit/pico_dateien/pico-sdk/src/rp2_common/pico_stdio_uart/stdio_uart.c.obj
 .text.stdio_uart_in_chars
                0x0000000010009128       0x58 CMakeFiles/mqtt_client.dir/home/hbo/Dokumente/projektarbeit/pico_dateien/pico-sdk/src/rp2_common/pico_stdio_uart/stdio_uart.c.obj
                0x0000000010009128                stdio_uart_in_chars
 .text.stdio_uart_init_full
                0x0000000010009180       0x3c CMakeFiles/mqtt_client.dir/home/hbo/Dokumente/projektarbeit/pico_dateien/pico-sdk/src/rp2_common/pico_stdio_uart/stdio_uart.c.obj
                0x0000000010009180                stdio_uart_init_full
 .text.stdio_uart_init
                0x00000000100091bc       0x28 CMakeFiles/mqtt_client.dir/home/hbo/Dokumente/projektarbeit/pico_dateien/pico-sdk/src/rp2_common/pico_stdio_uart/stdio_uart.c.obj
                0x00000000100091bc                stdio_uart_init
 .text.resetd_init
                0x00000000100091e4        0x2 CMakeFiles/mqtt_client.dir/home/hbo/Dokumente/projektarbeit/pico_dateien/pico-sdk/src/rp2_common/pico_stdio_usb/reset_interface.c.obj
 *fill*         0x00000000100091e6        0x2 
 .text.resetd_reset
                0x00000000100091e8        0xc CMakeFiles/mqtt_client.dir/home/hbo/Dokumente/projektarbeit/pico_dateien/pico-sdk/src/rp2_common/pico_stdio_usb/reset_interface.c.obj
 .text.resetd_open
                0x00000000100091f4       0x34 CMakeFiles/mqtt_client.dir/home/hbo/Dokumente/projektarbeit/pico_dateien/pico-sdk/src/rp2_common/pico_stdio_usb/reset_interface.c.obj
 .text.resetd_xfer_cb
                0x0000000010009228        0x4 CMakeFiles/mqtt_client.dir/home/hbo/Dokumente/projektarbeit/pico_dateien/pico-sdk/src/rp2_common/pico_stdio_usb/reset_interface.c.obj
 .text.reset_usb_boot
                0x000000001000922c       0x18 CMakeFiles/mqtt_client.dir/home/hbo/Dokumente/projektarbeit/pico_dateien/pico-sdk/src/rp2_common/pico_stdio_usb/reset_interface.c.obj
 .text.resetd_control_xfer_cb
                0x0000000010009244       0x5c CMakeFiles/mqtt_client.dir/home/hbo/Dokumente/projektarbeit/pico_dateien/pico-sdk/src/rp2_common/pico_stdio_usb/reset_interface.c.obj
 .text.usbd_app_driver_get_cb
                0x00000000100092a0        0xc CMakeFiles/mqtt_client.dir/home/hbo/Dokumente/projektarbeit/pico_dateien/pico-sdk/src/rp2_common/pico_stdio_usb/reset_interface.c.obj
                0x00000000100092a0                usbd_app_driver_get_cb
 .text.tud_cdc_line_coding_cb
                0x00000000100092ac       0x28 CMakeFiles/mqtt_client.dir/home/hbo/Dokumente/projektarbeit/pico_dateien/pico-sdk/src/rp2_common/pico_stdio_usb/reset_interface.c.obj
                0x00000000100092ac                tud_cdc_line_coding_cb
 .text.usb_irq  0x00000000100092d4       0x10 CMakeFiles/mqtt_client.dir/home/hbo/Dokumente/projektarbeit/pico_dateien/pico-sdk/src/rp2_common/pico_stdio_usb/stdio_usb.c.obj
 .text.timer_task
                0x00000000100092e4       0x58 CMakeFiles/mqtt_client.dir/home/hbo/Dokumente/projektarbeit/pico_dateien/pico-sdk/src/rp2_common/pico_stdio_usb/stdio_usb.c.obj
 .text.low_priority_worker_irq
                0x000000001000933c       0xd8 CMakeFiles/mqtt_client.dir/home/hbo/Dokumente/projektarbeit/pico_dateien/pico-sdk/src/rp2_common/pico_stdio_usb/stdio_usb.c.obj
 .text.stdio_usb_init
                0x0000000010009414      0x12c CMakeFiles/mqtt_client.dir/home/hbo/Dokumente/projektarbeit/pico_dateien/pico-sdk/src/rp2_common/pico_stdio_usb/stdio_usb.c.obj
                0x0000000010009414                stdio_usb_init
 .text.stdio_usb_connected
                0x0000000010009540        0xa CMakeFiles/mqtt_client.dir/home/hbo/Dokumente/projektarbeit/pico_dateien/pico-sdk/src/rp2_common/pico_stdio_usb/stdio_usb.c.obj
                0x0000000010009540                stdio_usb_connected
 *fill*         0x000000001000954a        0x2 
 .text.stdio_usb_in_chars
                0x000000001000954c       0x70 CMakeFiles/mqtt_client.dir/home/hbo/Dokumente/projektarbeit/pico_dateien/pico-sdk/src/rp2_common/pico_stdio_usb/stdio_usb.c.obj
                0x000000001000954c                stdio_usb_in_chars
 .text.stdio_usb_out_chars
                0x00000000100095bc       0xdc CMakeFiles/mqtt_client.dir/home/hbo/Dokumente/projektarbeit/pico_dateien/pico-sdk/src/rp2_common/pico_stdio_usb/stdio_usb.c.obj
 .text.tud_descriptor_device_cb
                0x0000000010009698        0x8 CMakeFiles/mqtt_client.dir/home/hbo/Dokumente/projektarbeit/pico_dateien/pico-sdk/src/rp2_common/pico_stdio_usb/stdio_usb_descriptors.c.obj
                0x0000000010009698                tud_descriptor_device_cb
 .text.tud_descriptor_configuration_cb
                0x00000000100096a0        0x8 CMakeFiles/mqtt_client.dir/home/hbo/Dokumente/projektarbeit/pico_dateien/pico-sdk/src/rp2_common/pico_stdio_usb/stdio_usb_descriptors.c.obj
                0x00000000100096a0                tud_descriptor_configuration_cb
 .text.tud_descriptor_string_cb
                0x00000000100096a8       0x6c CMakeFiles/mqtt_client.dir/home/hbo/Dokumente/projektarbeit/pico_dateien/pico-sdk/src/rp2_common/pico_stdio_usb/stdio_usb_descriptors.c.obj
                0x00000000100096a8                tud_descriptor_string_cb
 .text.hw_endpoint_get_by_addr
                0x0000000010009714       0x18 CMakeFiles/mqtt_client.dir/home/hbo/Dokumente/projektarbeit/pico_dateien/pico-sdk/lib/tinyusb/src/portable/raspberrypi/rp2040/dcd_rp2040.c.obj
 .text._hw_endpoint_alloc
                0x000000001000972c       0x70 CMakeFiles/mqtt_client.dir/home/hbo/Dokumente/projektarbeit/pico_dateien/pico-sdk/lib/tinyusb/src/portable/raspberrypi/rp2040/dcd_rp2040.c.obj
 .text.hw_endpoint_init
                0x000000001000979c       0x88 CMakeFiles/mqtt_client.dir/home/hbo/Dokumente/projektarbeit/pico_dateien/pico-sdk/lib/tinyusb/src/portable/raspberrypi/rp2040/dcd_rp2040.c.obj
 .text.reset_non_control_endpoints
                0x0000000010009824       0x40 CMakeFiles/mqtt_client.dir/home/hbo/Dokumente/projektarbeit/pico_dateien/pico-sdk/lib/tinyusb/src/portable/raspberrypi/rp2040/dcd_rp2040.c.obj
 .text.hw_handle_buff_status
                0x0000000010009864       0xa4 CMakeFiles/mqtt_client.dir/home/hbo/Dokumente/projektarbeit/pico_dateien/pico-sdk/lib/tinyusb/src/portable/raspberrypi/rp2040/dcd_rp2040.c.obj
 .text.dcd_rp2040_irq
                0x0000000010009908      0x164 CMakeFiles/mqtt_client.dir/home/hbo/Dokumente/projektarbeit/pico_dateien/pico-sdk/lib/tinyusb/src/portable/raspberrypi/rp2040/dcd_rp2040.c.obj
 .text.hw_endpoint_xfer
                0x0000000010009a6c       0x14 CMakeFiles/mqtt_client.dir/home/hbo/Dokumente/projektarbeit/pico_dateien/pico-sdk/lib/tinyusb/src/portable/raspberrypi/rp2040/dcd_rp2040.c.obj
 .text.dcd_int_enable
                0x0000000010009a80       0x2c CMakeFiles/mqtt_client.dir/home/hbo/Dokumente/projektarbeit/pico_dateien/pico-sdk/lib/tinyusb/src/portable/raspberrypi/rp2040/dcd_rp2040.c.obj
                0x0000000010009a80                dcd_int_enable
 .text.dcd_set_address
                0x0000000010009aac       0x2c CMakeFiles/mqtt_client.dir/home/hbo/Dokumente/projektarbeit/pico_dateien/pico-sdk/lib/tinyusb/src/portable/raspberrypi/rp2040/dcd_rp2040.c.obj
                0x0000000010009aac                dcd_set_address
 .text.dcd_connect
                0x0000000010009ad8       0x10 CMakeFiles/mqtt_client.dir/home/hbo/Dokumente/projektarbeit/pico_dateien/pico-sdk/lib/tinyusb/src/portable/raspberrypi/rp2040/dcd_rp2040.c.obj
                0x0000000010009ad8                dcd_connect
 .text.dcd_init
                0x0000000010009ae8       0x80 CMakeFiles/mqtt_client.dir/home/hbo/Dokumente/projektarbeit/pico_dateien/pico-sdk/lib/tinyusb/src/portable/raspberrypi/rp2040/dcd_rp2040.c.obj
                0x0000000010009ae8                dcd_init
 .text.dcd_edpt0_status_complete
                0x0000000010009b68       0x1c CMakeFiles/mqtt_client.dir/home/hbo/Dokumente/projektarbeit/pico_dateien/pico-sdk/lib/tinyusb/src/portable/raspberrypi/rp2040/dcd_rp2040.c.obj
                0x0000000010009b68                dcd_edpt0_status_complete
 .text.dcd_edpt_open
                0x0000000010009b84       0x40 CMakeFiles/mqtt_client.dir/home/hbo/Dokumente/projektarbeit/pico_dateien/pico-sdk/lib/tinyusb/src/portable/raspberrypi/rp2040/dcd_rp2040.c.obj
                0x0000000010009b84                dcd_edpt_open
 .text.dcd_edpt_close_all
                0x0000000010009bc4        0x8 CMakeFiles/mqtt_client.dir/home/hbo/Dokumente/projektarbeit/pico_dateien/pico-sdk/lib/tinyusb/src/portable/raspberrypi/rp2040/dcd_rp2040.c.obj
                0x0000000010009bc4                dcd_edpt_close_all
 .text.dcd_edpt_xfer
                0x0000000010009bcc       0x30 CMakeFiles/mqtt_client.dir/home/hbo/Dokumente/projektarbeit/pico_dateien/pico-sdk/lib/tinyusb/src/portable/raspberrypi/rp2040/dcd_rp2040.c.obj
                0x0000000010009bcc                dcd_edpt_xfer
 .text.dcd_edpt_stall
                0x0000000010009bfc       0x2c CMakeFiles/mqtt_client.dir/home/hbo/Dokumente/projektarbeit/pico_dateien/pico-sdk/lib/tinyusb/src/portable/raspberrypi/rp2040/dcd_rp2040.c.obj
                0x0000000010009bfc                dcd_edpt_stall
 .text.dcd_edpt_clear_stall
                0x0000000010009c28       0x20 CMakeFiles/mqtt_client.dir/home/hbo/Dokumente/projektarbeit/pico_dateien/pico-sdk/lib/tinyusb/src/portable/raspberrypi/rp2040/dcd_rp2040.c.obj
                0x0000000010009c28                dcd_edpt_clear_stall
 .text.prepare_ep_buffer
                0x0000000010009c48       0x70 CMakeFiles/mqtt_client.dir/home/hbo/Dokumente/projektarbeit/pico_dateien/pico-sdk/lib/tinyusb/src/portable/raspberrypi/rp2040/rp2040_usb.c.obj
 .text.sync_ep_buffer
                0x0000000010009cb8       0x7c CMakeFiles/mqtt_client.dir/home/hbo/Dokumente/projektarbeit/pico_dateien/pico-sdk/lib/tinyusb/src/portable/raspberrypi/rp2040/rp2040_usb.c.obj
 .text._hw_endpoint_xfer_sync
                0x0000000010009d34       0x28 CMakeFiles/mqtt_client.dir/home/hbo/Dokumente/projektarbeit/pico_dateien/pico-sdk/lib/tinyusb/src/portable/raspberrypi/rp2040/rp2040_usb.c.obj
 .text.rp2040_usb_init
                0x0000000010009d5c       0x4c CMakeFiles/mqtt_client.dir/home/hbo/Dokumente/projektarbeit/pico_dateien/pico-sdk/lib/tinyusb/src/portable/raspberrypi/rp2040/rp2040_usb.c.obj
                0x0000000010009d5c                rp2040_usb_init
 .text.hw_endpoint_reset_transfer
                0x0000000010009da8        0xc CMakeFiles/mqtt_client.dir/home/hbo/Dokumente/projektarbeit/pico_dateien/pico-sdk/lib/tinyusb/src/portable/raspberrypi/rp2040/rp2040_usb.c.obj
                0x0000000010009da8                hw_endpoint_reset_transfer
 .text._hw_endpoint_buffer_control_update32
                0x0000000010009db4       0x58 CMakeFiles/mqtt_client.dir/home/hbo/Dokumente/projektarbeit/pico_dateien/pico-sdk/lib/tinyusb/src/portable/raspberrypi/rp2040/rp2040_usb.c.obj
                0x0000000010009db4                _hw_endpoint_buffer_control_update32
 .text._hw_endpoint_start_next_buffer
                0x0000000010009e0c       0x74 CMakeFiles/mqtt_client.dir/home/hbo/Dokumente/projektarbeit/pico_dateien/pico-sdk/lib/tinyusb/src/portable/raspberrypi/rp2040/rp2040_usb.c.obj
 .text.hw_endpoint_xfer_start
                0x0000000010009e80       0x48 CMakeFiles/mqtt_client.dir/home/hbo/Dokumente/projektarbeit/pico_dateien/pico-sdk/lib/tinyusb/src/portable/raspberrypi/rp2040/rp2040_usb.c.obj
                0x0000000010009e80                hw_endpoint_xfer_start
 .text.hw_endpoint_xfer_continue
                0x0000000010009ec8       0x40 CMakeFiles/mqtt_client.dir/home/hbo/Dokumente/projektarbeit/pico_dateien/pico-sdk/lib/tinyusb/src/portable/raspberrypi/rp2040/rp2040_usb.c.obj
                0x0000000010009ec8                hw_endpoint_xfer_continue
 .text.configuration_reset
                0x0000000010009f08       0x9c CMakeFiles/mqtt_client.dir/home/hbo/Dokumente/projektarbeit/pico_dateien/pico-sdk/lib/tinyusb/src/device/usbd.c.obj
 .text.usbd_reset
                0x0000000010009fa4        0xc CMakeFiles/mqtt_client.dir/home/hbo/Dokumente/projektarbeit/pico_dateien/pico-sdk/lib/tinyusb/src/device/usbd.c.obj
 .text.invoke_class_control
                0x0000000010009fb0       0x1a CMakeFiles/mqtt_client.dir/home/hbo/Dokumente/projektarbeit/pico_dateien/pico-sdk/lib/tinyusb/src/device/usbd.c.obj
 *fill*         0x0000000010009fca        0x2 
 .text.process_set_config
                0x0000000010009fcc      0x1bc CMakeFiles/mqtt_client.dir/home/hbo/Dokumente/projektarbeit/pico_dateien/pico-sdk/lib/tinyusb/src/device/usbd.c.obj
 .text.process_get_descriptor
                0x000000001000a188      0x100 CMakeFiles/mqtt_client.dir/home/hbo/Dokumente/projektarbeit/pico_dateien/pico-sdk/lib/tinyusb/src/device/usbd.c.obj
 .text.tud_mounted
                0x000000001000a288       0x10 CMakeFiles/mqtt_client.dir/home/hbo/Dokumente/projektarbeit/pico_dateien/pico-sdk/lib/tinyusb/src/device/usbd.c.obj
                0x000000001000a288                tud_mounted
 .text.tud_suspended
                0x000000001000a298       0x10 CMakeFiles/mqtt_client.dir/home/hbo/Dokumente/projektarbeit/pico_dateien/pico-sdk/lib/tinyusb/src/device/usbd.c.obj
                0x000000001000a298                tud_suspended
 .text.tud_inited
                0x000000001000a2a8       0x14 CMakeFiles/mqtt_client.dir/home/hbo/Dokumente/projektarbeit/pico_dateien/pico-sdk/lib/tinyusb/src/device/usbd.c.obj
                0x000000001000a2a8                tud_inited
 .text.tud_init
                0x000000001000a2bc       0xe4 CMakeFiles/mqtt_client.dir/home/hbo/Dokumente/projektarbeit/pico_dateien/pico-sdk/lib/tinyusb/src/device/usbd.c.obj
                0x000000001000a2bc                tud_init
 .text.usbd_edpt_open
                0x000000001000a3a0       0x60 CMakeFiles/mqtt_client.dir/home/hbo/Dokumente/projektarbeit/pico_dateien/pico-sdk/lib/tinyusb/src/device/usbd.c.obj
                0x000000001000a3a0                usbd_edpt_open
 .text.usbd_open_edpt_pair
                0x000000001000a400       0x8c CMakeFiles/mqtt_client.dir/home/hbo/Dokumente/projektarbeit/pico_dateien/pico-sdk/lib/tinyusb/src/device/usbd.c.obj
                0x000000001000a400                usbd_open_edpt_pair
 .text.usbd_edpt_claim
                0x000000001000a48c       0x28 CMakeFiles/mqtt_client.dir/home/hbo/Dokumente/projektarbeit/pico_dateien/pico-sdk/lib/tinyusb/src/device/usbd.c.obj
                0x000000001000a48c                usbd_edpt_claim
 .text.usbd_edpt_release
                0x000000001000a4b4       0x28 CMakeFiles/mqtt_client.dir/home/hbo/Dokumente/projektarbeit/pico_dateien/pico-sdk/lib/tinyusb/src/device/usbd.c.obj
                0x000000001000a4b4                usbd_edpt_release
 .text.usbd_edpt_xfer
                0x000000001000a4dc       0x88 CMakeFiles/mqtt_client.dir/home/hbo/Dokumente/projektarbeit/pico_dateien/pico-sdk/lib/tinyusb/src/device/usbd.c.obj
                0x000000001000a4dc                usbd_edpt_xfer
 .text.usbd_edpt_stall
                0x000000001000a564       0x48 CMakeFiles/mqtt_client.dir/home/hbo/Dokumente/projektarbeit/pico_dateien/pico-sdk/lib/tinyusb/src/device/usbd.c.obj